main.c:128:5:main	24	static
main.c:257:6:SystemClock_Config	232	static
main.c:321:13:MX_ADC1_Init	48	static
main.c:426:13:MX_ADC2_Init	32	static
main.c:523:13:MX_TIM1_Init	96	static
main.c:601:13:MX_TIM7_Init	24	static
main.c:639:13:MX_TIM8_Init	96	static
main.c:717:13:MX_UART4_Init	8	static
main.c:752:13:MX_USART2_UART_Init	8	static
main.c:785:13:MX_DMA_Init	16	static
main.c:809:13:MX_GPIO_Init	48	static
main.c:829:5:__io_putchar	24	static
main.c:837:5:_write	32	static
main.c:847:6:Inter	8	static
main.c:904:6:Error_Handler	4	static
