Archive member included to satisfy reference by file (symbol)

c:/st/stm32cubeide_1.3.0/stm32cubeide/plugins/com.st.stm32cube.ide.mcu.externaltools.gnu-tools-for-stm32.7-2018-q2-update.win32_1.0.0.201904181610/tools/bin/../lib/gcc/arm-none-eabi/7.3.1/../../../../arm-none-eabi/lib/thumb/v7e-m/fpv4-sp/hard\libc_nano.a(lib_a-errno.o)
                              Core/Src/syscalls.o (__errno)
c:/st/stm32cubeide_1.3.0/stm32cubeide/plugins/com.st.stm32cube.ide.mcu.externaltools.gnu-tools-for-stm32.7-2018-q2-update.win32_1.0.0.201904181610/tools/bin/../lib/gcc/arm-none-eabi/7.3.1/../../../../arm-none-eabi/lib/thumb/v7e-m/fpv4-sp/hard\libc_nano.a(lib_a-exit.o)
                              c:/st/stm32cubeide_1.3.0/stm32cubeide/plugins/com.st.stm32cube.ide.mcu.externaltools.gnu-tools-for-stm32.7-2018-q2-update.win32_1.0.0.201904181610/tools/bin/../lib/gcc/arm-none-eabi/7.3.1/../../../../arm-none-eabi/lib/thumb/v7e-m/fpv4-sp/hard/crt0.o (exit)
c:/st/stm32cubeide_1.3.0/stm32cubeide/plugins/com.st.stm32cube.ide.mcu.externaltools.gnu-tools-for-stm32.7-2018-q2-update.win32_1.0.0.201904181610/tools/bin/../lib/gcc/arm-none-eabi/7.3.1/../../../../arm-none-eabi/lib/thumb/v7e-m/fpv4-sp/hard\libc_nano.a(lib_a-impure.o)
                              c:/st/stm32cubeide_1.3.0/stm32cubeide/plugins/com.st.stm32cube.ide.mcu.externaltools.gnu-tools-for-stm32.7-2018-q2-update.win32_1.0.0.201904181610/tools/bin/../lib/gcc/arm-none-eabi/7.3.1/../../../../arm-none-eabi/lib/thumb/v7e-m/fpv4-sp/hard\libc_nano.a(lib_a-exit.o) (_global_impure_ptr)
c:/st/stm32cubeide_1.3.0/stm32cubeide/plugins/com.st.stm32cube.ide.mcu.externaltools.gnu-tools-for-stm32.7-2018-q2-update.win32_1.0.0.201904181610/tools/bin/../lib/gcc/arm-none-eabi/7.3.1/../../../../arm-none-eabi/lib/thumb/v7e-m/fpv4-sp/hard\libc_nano.a(lib_a-init.o)
                              c:/st/stm32cubeide_1.3.0/stm32cubeide/plugins/com.st.stm32cube.ide.mcu.externaltools.gnu-tools-for-stm32.7-2018-q2-update.win32_1.0.0.201904181610/tools/bin/../lib/gcc/arm-none-eabi/7.3.1/../../../../arm-none-eabi/lib/thumb/v7e-m/fpv4-sp/hard/crt0.o (__libc_init_array)
c:/st/stm32cubeide_1.3.0/stm32cubeide/plugins/com.st.stm32cube.ide.mcu.externaltools.gnu-tools-for-stm32.7-2018-q2-update.win32_1.0.0.201904181610/tools/bin/../lib/gcc/arm-none-eabi/7.3.1/../../../../arm-none-eabi/lib/thumb/v7e-m/fpv4-sp/hard\libc_nano.a(lib_a-memset.o)
                              c:/st/stm32cubeide_1.3.0/stm32cubeide/plugins/com.st.stm32cube.ide.mcu.externaltools.gnu-tools-for-stm32.7-2018-q2-update.win32_1.0.0.201904181610/tools/bin/../lib/gcc/arm-none-eabi/7.3.1/../../../../arm-none-eabi/lib/thumb/v7e-m/fpv4-sp/hard/crt0.o (memset)
c:/st/stm32cubeide_1.3.0/stm32cubeide/plugins/com.st.stm32cube.ide.mcu.externaltools.gnu-tools-for-stm32.7-2018-q2-update.win32_1.0.0.201904181610/tools/bin/../lib/gcc/arm-none-eabi/7.3.1/../../../../arm-none-eabi/lib/thumb/v7e-m/fpv4-sp/hard\libm.a(lib_a-s_cos.o)
                              Core/Src/continuum_actuator.o (cos)
c:/st/stm32cubeide_1.3.0/stm32cubeide/plugins/com.st.stm32cube.ide.mcu.externaltools.gnu-tools-for-stm32.7-2018-q2-update.win32_1.0.0.201904181610/tools/bin/../lib/gcc/arm-none-eabi/7.3.1/../../../../arm-none-eabi/lib/thumb/v7e-m/fpv4-sp/hard\libm.a(lib_a-e_rem_pio2.o)
                              c:/st/stm32cubeide_1.3.0/stm32cubeide/plugins/com.st.stm32cube.ide.mcu.externaltools.gnu-tools-for-stm32.7-2018-q2-update.win32_1.0.0.201904181610/tools/bin/../lib/gcc/arm-none-eabi/7.3.1/../../../../arm-none-eabi/lib/thumb/v7e-m/fpv4-sp/hard\libm.a(lib_a-s_cos.o) (__ieee754_rem_pio2)
c:/st/stm32cubeide_1.3.0/stm32cubeide/plugins/com.st.stm32cube.ide.mcu.externaltools.gnu-tools-for-stm32.7-2018-q2-update.win32_1.0.0.201904181610/tools/bin/../lib/gcc/arm-none-eabi/7.3.1/../../../../arm-none-eabi/lib/thumb/v7e-m/fpv4-sp/hard\libm.a(lib_a-k_cos.o)
                              c:/st/stm32cubeide_1.3.0/stm32cubeide/plugins/com.st.stm32cube.ide.mcu.externaltools.gnu-tools-for-stm32.7-2018-q2-update.win32_1.0.0.201904181610/tools/bin/../lib/gcc/arm-none-eabi/7.3.1/../../../../arm-none-eabi/lib/thumb/v7e-m/fpv4-sp/hard\libm.a(lib_a-s_cos.o) (__kernel_cos)
c:/st/stm32cubeide_1.3.0/stm32cubeide/plugins/com.st.stm32cube.ide.mcu.externaltools.gnu-tools-for-stm32.7-2018-q2-update.win32_1.0.0.201904181610/tools/bin/../lib/gcc/arm-none-eabi/7.3.1/../../../../arm-none-eabi/lib/thumb/v7e-m/fpv4-sp/hard\libm.a(lib_a-k_rem_pio2.o)
                              c:/st/stm32cubeide_1.3.0/stm32cubeide/plugins/com.st.stm32cube.ide.mcu.externaltools.gnu-tools-for-stm32.7-2018-q2-update.win32_1.0.0.201904181610/tools/bin/../lib/gcc/arm-none-eabi/7.3.1/../../../../arm-none-eabi/lib/thumb/v7e-m/fpv4-sp/hard\libm.a(lib_a-e_rem_pio2.o) (__kernel_rem_pio2)
[...]
Memory Configuration

Name             Origin             Length             Attributes
RAM              0x0000000020000000 0x0000000000018000 xrw
RAM2             0x0000000010000000 0x0000000000008000 xrw
FLASH            0x0000000008000000 0x0000000000100000 xr
*default*        0x0000000000000000 0xffffffffffffffff

Linker script and memory map

LOAD c:/st/stm32cubeide_1.3.0/stm32cubeide/plugins/com.st.stm32cube.ide.mcu.externaltools.gnu-tools-for-stm32.7-2018-q2-update.win32_1.0.0.201904181610/tools/bin/../lib/gcc/arm-none-eabi/7.3.1/thumb/v7e-m/fpv4-sp/hard/crti.o
LOAD c:/st/stm32cubeide_1.3.0/stm32cubeide/plugins/com.st.stm32cube.ide.mcu.externaltools.gnu-tools-for-stm32.7-2018-q2-update.win32_1.0.0.201904181610/tools/bin/../lib/gcc/arm-none-eabi/7.3.1/thumb/v7e-m/fpv4-sp/hard/crtbegin.o
LOAD c:/st/stm32cubeide_1.3.0/stm32cubeide/plugins/com.st.stm32cube.ide.mcu.externaltools.gnu-tools-for-stm32.7-2018-q2-update.win32_1.0.0.201904181610/tools/bin/../lib/gcc/arm-none-eabi/7.3.1/../../../../arm-none-eabi/lib/thumb/v7e-m/fpv4-sp/hard/crt0.o
LOAD Core/Src/analog.o
LOAD Core/Src/continuum_actuator.o
LOAD Core/Src/main.o
LOAD Core/Src/servo.o
LOAD Core/Src/stm32l4xx_hal_msp.o
LOAD Core/Src/stm32l4xx_it.o
LOAD Core/Src/syscalls.o
LOAD Core/Src/sysmem.o
LOAD Core/Src/system_stm32l4xx.o
LOAD Core/Src/timer_interrupt.o
LOAD Core/Startup/startup_stm32l476rgtx.o
LOAD Drivers/STM32L4xx_HAL_Driver/Src/stm32l4xx_hal.o
LOAD Drivers/STM32L4xx_HAL_Driver/Src/stm32l4xx_hal_adc.o
LOAD Drivers/STM32L4xx_HAL_Driver/Src/stm32l4xx_hal_adc_ex.o
LOAD Drivers/STM32L4xx_HAL_Driver/Src/stm32l4xx_hal_cortex.o
LOAD Drivers/STM32L4xx_HAL_Driver/Src/stm32l4xx_hal_dma.o
LOAD Drivers/STM32L4xx_HAL_Driver/Src/stm32l4xx_hal_dma_ex.o
LOAD Drivers/STM32L4xx_HAL_Driver/Src/stm32l4xx_hal_exti.o
LOAD Drivers/STM32L4xx_HAL_Driver/Src/stm32l4xx_hal_flash.o
LOAD Drivers/STM32L4xx_HAL_Driver/Src/stm32l4xx_hal_flash_ex.o
LOAD Drivers/STM32L4xx_HAL_Driver/Src/stm32l4xx_hal_flash_ramfunc.o
LOAD Drivers/STM32L4xx_HAL_Driver/Src/stm32l4xx_hal_gpio.o
LOAD Drivers/STM32L4xx_HAL_Driver/Src/stm32l4xx_hal_i2c.o
LOAD Drivers/STM32L4xx_HAL_Driver/Src/stm32l4xx_hal_i2c_ex.o
LOAD Drivers/STM32L4xx_HAL_Driver/Src/stm32l4xx_hal_pwr.o
LOAD Drivers/STM32L4xx_HAL_Driver/Src/stm32l4xx_hal_pwr_ex.o
LOAD Drivers/STM32L4xx_HAL_Driver/Src/stm32l4xx_hal_rcc.o
LOAD Drivers/STM32L4xx_HAL_Driver/Src/stm32l4xx_hal_rcc_ex.o
LOAD Drivers/STM32L4xx_HAL_Driver/Src/stm32l4xx_hal_tim.o
LOAD Drivers/STM32L4xx_HAL_Driver/Src/stm32l4xx_hal_tim_ex.o
LOAD Drivers/STM32L4xx_HAL_Driver/Src/stm32l4xx_hal_uart.o
LOAD Drivers/STM32L4xx_HAL_Driver/Src/stm32l4xx_hal_uart_ex.o
START GROUP
LOAD c:/st/stm32cubeide_1.3.0/stm32cubeide/plugins/com.st.stm32cube.ide.mcu.externaltools.gnu-tools-for-stm32.7-2018-q2-update.win32_1.0.0.201904181610/tools/bin/../lib/gcc/arm-none-eabi/7.3.1/../../../../arm-none-eabi/lib/thumb/v7e-m/fpv4-sp/hard\libc_nano.a
LOAD c:/st/stm32cubeide_1.3.0/stm32cubeide/plugins/com.st.stm32cube.ide.mcu.externaltools.gnu-tools-for-stm32.7-2018-q2-update.win32_1.0.0.201904181610/tools/bin/../lib/gcc/arm-none-eabi/7.3.1/../../../../arm-none-eabi/lib/thumb/v7e-m/fpv4-sp/hard\libm.a
END GROUP
START GROUP
LOAD c:/st/stm32cubeide_1.3.0/stm32cubeide/plugins/com.st.stm32cube.ide.mcu.externaltools.gnu-tools-for-stm32.7-2018-q2-update.win32_1.0.0.201904181610/tools/bin/../lib/gcc/arm-none-eabi/7.3.1/thumb/v7e-m/fpv4-sp/hard\libgcc.a
LOAD c:/st/stm32cubeide_1.3.0/stm32cubeide/plugins/com.st.stm32cube.ide.mcu.externaltools.gnu-tools-for-stm32.7-2018-q2-update.win32_1.0.0.201904181610/tools/bin/../lib/gcc/arm-none-eabi/7.3.1/../../../../arm-none-eabi/lib/thumb/v7e-m/fpv4-sp/hard\libc_nano.a
END GROUP
START GROUP
LOAD c:/st/stm32cubeide_1.3.0/stm32cubeide/plugins/com.st.stm32cube.ide.mcu.externaltools.gnu-tools-for-stm32.7-2018-q2-update.win32_1.0.0.201904181610/tools/bin/../lib/gcc/arm-none-eabi/7.3.1/thumb/v7e-m/fpv4-sp/hard\libgcc.a
LOAD c:/st/stm32cubeide_1.3.0/stm32cubeide/plugins/com.st.stm32cube.ide.mcu.externaltools.gnu-tools-for-stm32.7-2018-q2-update.win32_1.0.0.201904181610/tools/bin/../lib/gcc/arm-none-eabi/7.3.1/../../../../arm-none-eabi/lib/thumb/v7e-m/fpv4-sp/hard\libc_nano.a
LOAD c:/st/stm32cubeide_1.3.0/stm32cubeide/plugins/com.st.stm32cube.ide.mcu.externaltools.gnu-tools-for-stm32.7-2018-q2-update.win32_1.0.0.201904181610/tools/bin/../lib/gcc/arm-none-eabi/7.3.1/../../../../arm-none-eabi/lib/thumb/v7e-m/fpv4-sp/hard\libnosys.a
END GROUP
START GROUP
LOAD c:/st/stm32cubeide_1.3.0/stm32cubeide/plugins/com.st.stm32cube.ide.mcu.externaltools.gnu-tools-for-stm32.7-2018-q2-update.win32_1.0.0.201904181610/tools/bin/../lib/gcc/arm-none-eabi/7.3.1/thumb/v7e-m/fpv4-sp/hard\libgcc.a
LOAD c:/st/stm32cubeide_1.3.0/stm32cubeide/plugins/com.st.stm32cube.ide.mcu.externaltools.gnu-tools-for-stm32.7-2018-q2-update.win32_1.0.0.201904181610/tools/bin/../lib/gcc/arm-none-eabi/7.3.1/../../../../arm-none-eabi/lib/thumb/v7e-m/fpv4-sp/hard\libc_nano.a
LOAD c:/st/stm32cubeide_1.3.0/stm32cubeide/plugins/com.st.stm32cube.ide.mcu.externaltools.gnu-tools-for-stm32.7-2018-q2-update.win32_1.0.0.201904181610/tools/bin/../lib/gcc/arm-none-eabi/7.3.1/../../../../arm-none-eabi/lib/thumb/v7e-m/fpv4-sp/hard\libnosys.a
END GROUP
LOAD c:/st/stm32cubeide_1.3.0/stm32cubeide/plugins/com.st.stm32cube.ide.mcu.externaltools.gnu-tools-for-stm32.7-2018-q2-update.win32_1.0.0.201904181610/tools/bin/../lib/gcc/arm-none-eabi/7.3.1/thumb/v7e-m/fpv4-sp/hard/crtend.o
LOAD c:/st/stm32cubeide_1.3.0/stm32cubeide/plugins/com.st.stm32cube.ide.mcu.externaltools.gnu-tools-for-stm32.7-2018-q2-update.win32_1.0.0.201904181610/tools/bin/../lib/gcc/arm-none-eabi/7.3.1/thumb/v7e-m/fpv4-sp/hard/crtn.o
                0x0000000020018000                _estack = (ORIGIN (RAM) + LENGTH (RAM))
                0x0000000000000200                _Min_Heap_Size = 0x200
                0x0000000000000400                _Min_Stack_Size = 0x400

.isr_vector     0x0000000008000000      0x188
                0x0000000008000000                . = ALIGN (0x4)
 *(.isr_vector)
 .isr_vector    0x0000000008000000      0x188 Core/Startup/startup_stm32l476rgtx.o
                0x0000000008000000                g_pfnVectors
                0x0000000008000188                . = ALIGN (0x4)

.text           0x0000000008000188     0x7020
                0x0000000008000188                . = ALIGN (0x4)
 *(.text)
 .text          0x0000000008000188       0x40 c:/st/stm32cubeide_1.3.0/stm32cubeide/plugins/com.st.stm32cube.ide.mcu.externaltools.gnu-tools-for-stm32.7-2018-q2-update.win32_1.0.0.201904181610/tools/bin/../lib/gcc/arm-none-eabi/7.3.1/thumb/v7e-m/fpv4-sp/hard/crtbegin.o
 .text          0x00000000080001c8       0x30 c:/st/stm32cubeide_1.3.0/stm32cubeide/plugins/com.st.stm32cube.ide.mcu.externaltools.gnu-tools-for-stm32.7-2018-q2-update.win32_1.0.0.201904181610/tools/bin/../lib/gcc/arm-none-eabi/7.3.1/thumb/v7e-m/fpv4-sp/hard\libgcc.a(_aeabi_uldivmod.o)
                0x00000000080001c8                __aeabi_uldivmod
 .text          0x00000000080001f8      0x2cc c:/st/stm32cubeide_1.3.0/stm32cubeide/plugins/com.st.stm32cube.ide.mcu.externaltools.gnu-tools-for-stm32.7-2018-q2-update.win32_1.0.0.201904181610/tools/bin/../lib/gcc/arm-none-eabi/7.3.1/thumb/v7e-m/fpv4-sp/hard\libgcc.a(_udivmoddi4.o)
                0x00000000080001f8                __udivmoddi4
 .text          0x00000000080004c4        0x4 c:/st/stm32cubeide_1.3.0/stm32cubeide/plugins/com.st.stm32cube.ide.mcu.externaltools.gnu-tools-for-stm32.7-2018-q2-update.win32_1.0.0.201904181610/tools/bin/../lib/gcc/arm-none-eabi/7.3.1/thumb/v7e-m/fpv4-sp/hard\libgcc.a(_dvmd_tls.o)
                0x00000000080004c4                __aeabi_idiv0
                0x00000000080004c4                __aeabi_ldiv0
 *(.text*)
 .text.ADC_Create_Start
                0x00000000080004c8       0x40 Core/Src/analog.o
                0x00000000080004c8                ADC_Create_Start
 .text.ADC_Channel_Init
                0x0000000008000508       0x24 Core/Src/analog.o
                0x0000000008000508                ADC_Channel_Init
 .text.Analog_Value
                0x000000000800052c       0x4c Core/Src/analog.o
                0x000000000800052c                Analog_Value
 .text.main     0x0000000008000578      0x2fc Core/Src/main.o
                0x0000000008000578                main
 .text.SystemClock_Config
                0x0000000008000874      0x114 Core/Src/main.o
                0x0000000008000874                SystemClock_Config
 .text.MX_ADC1_Init
                0x0000000008000988      0x198 Core/Src/main.o
 .text.MX_ADC2_Init
                0x0000000008000b20      0x174 Core/Src/main.o
 .text.MX_TIM1_Init
                0x0000000008000c94      0x14c Core/Src/main.o
 .text.MX_TIM7_Init
                0x0000000008000de0       0x6c Core/Src/main.o
 .text.MX_TIM8_Init
                0x0000000008000e4c      0x14c Core/Src/main.o
 .text.MX_UART4_Init
                0x0000000008000f98       0x60 Core/Src/main.o
 .text.MX_USART2_UART_Init
                0x0000000008000ff8       0x60 Core/Src/main.o
 .text.MX_DMA_Init
                0x0000000008001058       0x5c Core/Src/main.o
 .text.MX_GPIO_Init
                0x00000000080010b4       0xa4 Core/Src/main.o
 .text.Inter    0x0000000008001158      0x108 Core/Src/main.o
                0x0000000008001158                Inter
 .text.Error_Handler
                0x0000000008001260        0xe Core/Src/main.o
                0x0000000008001260                Error_Handler
 *fill*         0x000000000800126e        0x2 
 .text.ServoInit
                0x0000000008001270       0xa8 Core/Src/servo.o
                0x0000000008001270                ServoInit
 .text.PWMDuty  0x0000000008001318       0xc0 Core/Src/servo.o
                0x0000000008001318                PWMDuty
 .text.AngleInput
                0x00000000080013d8      0x104 Core/Src/servo.o
                0x00000000080013d8                AngleInput
 .text.HAL_MspInit
                0x00000000080014dc       0x48 Core/Src/stm32l4xx_hal_msp.o
                0x00000000080014dc                HAL_MspInit
 .text.HAL_ADC_MspInit
                0x0000000008001524      0x254 Core/Src/stm32l4xx_hal_msp.o
                0x0000000008001524                HAL_ADC_MspInit
 .text.HAL_TIM_PWM_MspInit
                0x0000000008001778       0x68 Core/Src/stm32l4xx_hal_msp.o
                0x0000000008001778                HAL_TIM_PWM_MspInit
 .text.HAL_TIM_Base_MspInit
                0x00000000080017e0       0x4c Core/Src/stm32l4xx_hal_msp.o
                0x00000000080017e0                HAL_TIM_Base_MspInit
 .text.HAL_TIM_MspPostInit
                0x000000000800182c       0xbc Core/Src/stm32l4xx_hal_msp.o
                0x000000000800182c                HAL_TIM_MspPostInit
 .text.HAL_UART_MspInit
                0x00000000080018e8      0x164 Core/Src/stm32l4xx_hal_msp.o
                0x00000000080018e8                HAL_UART_MspInit
 .text.NMI_Handler
                0x0000000008001a4c        0xe Core/Src/stm32l4xx_it.o
                0x0000000008001a4c                NMI_Handler
 .text.HardFault_Handler
                0x0000000008001a5a        0x6 Core/Src/stm32l4xx_it.o
                0x0000000008001a5a                HardFault_Handler
 .text.MemManage_Handler
                0x0000000008001a60        0x6 Core/Src/stm32l4xx_it.o
                0x0000000008001a60                MemManage_Handler
 .text.BusFault_Handler
                0x0000000008001a66        0x6 Core/Src/stm32l4xx_it.o
                0x0000000008001a66                BusFault_Handler
 .text.UsageFault_Handler
                0x0000000008001a6c        0x6 Core/Src/stm32l4xx_it.o
                0x0000000008001a6c                UsageFault_Handler
 .text.SVC_Handler
                0x0000000008001a72        0xe Core/Src/stm32l4xx_it.o
                0x0000000008001a72                SVC_Handler
 .text.DebugMon_Handler
                0x0000000008001a80        0xe Core/Src/stm32l4xx_it.o
                0x0000000008001a80                DebugMon_Handler
 .text.PendSV_Handler
                0x0000000008001a8e        0xe Core/Src/stm32l4xx_it.o
                0x0000000008001a8e                PendSV_Handler
 .text.SysTick_Handler
                0x0000000008001a9c        0xc Core/Src/stm32l4xx_it.o
                0x0000000008001a9c                SysTick_Handler
 .text.DMA1_Channel1_IRQHandler
                0x0000000008001aa8       0x14 Core/Src/stm32l4xx_it.o
                0x0000000008001aa8                DMA1_Channel1_IRQHandler
 .text.DMA1_Channel2_IRQHandler
                0x0000000008001abc       0x14 Core/Src/stm32l4xx_it.o
                0x0000000008001abc                DMA1_Channel2_IRQHandler
 .text.DMA1_Channel7_IRQHandler
                0x0000000008001ad0       0x14 Core/Src/stm32l4xx_it.o
                0x0000000008001ad0                DMA1_Channel7_IRQHandler
 .text.USART2_IRQHandler
                0x0000000008001ae4       0x14 Core/Src/stm32l4xx_it.o
                0x0000000008001ae4                USART2_IRQHandler
 .text.UART4_IRQHandler
                0x0000000008001af8       0x14 Core/Src/stm32l4xx_it.o
                0x0000000008001af8                UART4_IRQHandler
 .text.TIM7_IRQHandler
                0x0000000008001b0c       0x18 Core/Src/stm32l4xx_it.o
                0x0000000008001b0c                TIM7_IRQHandler
 .text.SystemInit
                0x0000000008001b24       0x6c Core/Src/system_stm32l4xx.o
                0x0000000008001b24                SystemInit
 .text.TimerInterruptInit
                0x0000000008001b90       0x36 Core/Src/timer_interrupt.o
                0x0000000008001b90                TimerInterruptInit
 *fill*         0x0000000008001bc6        0x2 
 .text.UpdateInterruptTime
                0x0000000008001bc8       0x90 Core/Src/timer_interrupt.o
                0x0000000008001bc8                UpdateInterruptTime
 .text.StartInterrupt
                0x0000000008001c58       0x1a Core/Src/timer_interrupt.o
                0x0000000008001c58                StartInterrupt
 *fill*         0x0000000008001c72        0x2 
 .text.Reset_Handler
                0x0000000008001c74       0x50 Core/Startup/startup_stm32l476rgtx.o
                0x0000000008001c74                Reset_Handler
 .text.Default_Handler
                0x0000000008001cc4        0x2 Core/Startup/startup_stm32l476rgtx.o
                0x0000000008001cc4                RTC_Alarm_IRQHandler
                0x0000000008001cc4                EXTI2_IRQHandler
                0x0000000008001cc4                TIM8_TRG_COM_IRQHandler
                0x0000000008001cc4                TIM8_CC_IRQHandler
                0x0000000008001cc4                TIM1_CC_IRQHandler
                0x0000000008001cc4                TSC_IRQHandler
                0x0000000008001cc4                TAMP_STAMP_IRQHandler
                0x0000000008001cc4                EXTI3_IRQHandler
                0x0000000008001cc4                LPTIM2_IRQHandler
                0x0000000008001cc4                DFSDM1_FLT1_IRQHandler
                0x0000000008001cc4                I2C3_ER_IRQHandler
                0x0000000008001cc4                DFSDM1_FLT2_IRQHandler
                0x0000000008001cc4                EXTI0_IRQHandler
                0x0000000008001cc4                I2C2_EV_IRQHandler
                0x0000000008001cc4                CAN1_RX0_IRQHandler
                0x0000000008001cc4                FPU_IRQHandler
                0x0000000008001cc4                TIM1_UP_TIM16_IRQHandler
                0x0000000008001cc4                ADC1_2_IRQHandler
                0x0000000008001cc4                SPI1_IRQHandler
                0x0000000008001cc4                TIM6_DAC_IRQHandler
                0x0000000008001cc4                TIM8_UP_IRQHandler
                0x0000000008001cc4                DMA2_Channel2_IRQHandler
                0x0000000008001cc4                DMA1_Channel4_IRQHandler
                0x0000000008001cc4                SAI2_IRQHandler
                0x0000000008001cc4                DFSDM1_FLT3_IRQHandler
                0x0000000008001cc4                USART3_IRQHandler
                0x0000000008001cc4                CAN1_RX1_IRQHandler
                0x0000000008001cc4                LCD_IRQHandler
                0x0000000008001cc4                UART5_IRQHandler
                0x0000000008001cc4                ADC3_IRQHandler
                0x0000000008001cc4                TIM4_IRQHandler
                0x0000000008001cc4                DMA2_Channel1_IRQHandler
                0x0000000008001cc4                QUADSPI_IRQHandler
                0x0000000008001cc4                I2C1_EV_IRQHandler
                0x0000000008001cc4                DMA1_Channel6_IRQHandler
                0x0000000008001cc4                DMA2_Channel4_IRQHandler
                0x0000000008001cc4                TIM3_IRQHandler
                0x0000000008001cc4                RCC_IRQHandler
                0x0000000008001cc4                Default_Handler
                0x0000000008001cc4                DMA2_Channel7_IRQHandler
                0x0000000008001cc4                EXTI15_10_IRQHandler
                0x0000000008001cc4                SDMMC1_IRQHandler
                0x0000000008001cc4                TIM5_IRQHandler
                0x0000000008001cc4                I2C3_EV_IRQHandler
                0x0000000008001cc4                EXTI9_5_IRQHandler
                0x0000000008001cc4                RTC_WKUP_IRQHandler
                0x0000000008001cc4                PVD_PVM_IRQHandler
                0x0000000008001cc4                SPI2_IRQHandler
                0x0000000008001cc4                CAN1_TX_IRQHandler
                0x0000000008001cc4                DMA2_Channel5_IRQHandler
                0x0000000008001cc4                DMA1_Channel5_IRQHandler
                0x0000000008001cc4                EXTI4_IRQHandler
                0x0000000008001cc4                RNG_IRQHandler
                0x0000000008001cc4                TIM1_TRG_COM_TIM17_IRQHandler
                0x0000000008001cc4                DMA1_Channel3_IRQHandler
                0x0000000008001cc4                COMP_IRQHandler
                0x0000000008001cc4                WWDG_IRQHandler
                0x0000000008001cc4                LPUART1_IRQHandler
                0x0000000008001cc4                DMA2_Channel6_IRQHandler
                0x0000000008001cc4                TIM2_IRQHandler
                0x0000000008001cc4                EXTI1_IRQHandler
                0x0000000008001cc4                DFSDM1_FLT0_IRQHandler
                0x0000000008001cc4                I2C2_ER_IRQHandler
                0x0000000008001cc4                TIM8_BRK_IRQHandler
                0x0000000008001cc4                CAN1_SCE_IRQHandler
                0x0000000008001cc4                FLASH_IRQHandler
                0x0000000008001cc4                USART1_IRQHandler
                0x0000000008001cc4                OTG_FS_IRQHandler
                0x0000000008001cc4                SPI3_IRQHandler
                0x0000000008001cc4                I2C1_ER_IRQHandler
                0x0000000008001cc4                FMC_IRQHandler
                0x0000000008001cc4                SWPMI1_IRQHandler
                0x0000000008001cc4                LPTIM1_IRQHandler
                0x0000000008001cc4                SAI1_IRQHandler
                0x0000000008001cc4                DMA2_Channel3_IRQHandler
                0x0000000008001cc4                TIM1_BRK_TIM15_IRQHandler
 *fill*         0x0000000008001cc6        0x2 
 .text.HAL_Init
                0x0000000008001cc8       0x40 Drivers/STM32L4xx_HAL_Driver/Src/stm32l4xx_hal.o
                0x0000000008001cc8                HAL_Init
 .text.HAL_InitTick
                0x0000000008001d08       0x74 Drivers/STM32L4xx_HAL_Driver/Src/stm32l4xx_hal.o
                0x0000000008001d08                HAL_InitTick
 .text.HAL_IncTick
                0x0000000008001d7c       0x24 Drivers/STM32L4xx_HAL_Driver/Src/stm32l4xx_hal.o
                0x0000000008001d7c                HAL_IncTick
 .text.HAL_GetTick
                0x0000000008001da0       0x18 Drivers/STM32L4xx_HAL_Driver/Src/stm32l4xx_hal.o
                0x0000000008001da0                HAL_GetTick
 .text.LL_ADC_SetCommonClock
                0x0000000008001db8       0x26 Drivers/STM32L4xx_HAL_Driver/Src/stm32l4xx_hal_adc.o
 .text.LL_ADC_SetCommonPathInternalCh
                0x0000000008001dde       0x26 Drivers/STM32L4xx_HAL_Driver/Src/stm32l4xx_hal_adc.o
 .text.LL_ADC_GetCommonPathInternalCh
                0x0000000008001e04       0x1c Drivers/STM32L4xx_HAL_Driver/Src/stm32l4xx_hal_adc.o
 .text.LL_ADC_SetOffset
                0x0000000008001e20       0x44 Drivers/STM32L4xx_HAL_Driver/Src/stm32l4xx_hal_adc.o
 .text.LL_ADC_GetOffsetChannel
                0x0000000008001e64       0x28 Drivers/STM32L4xx_HAL_Driver/Src/stm32l4xx_hal_adc.o
 .text.LL_ADC_SetOffsetState
                0x0000000008001e8c       0x30 Drivers/STM32L4xx_HAL_Driver/Src/stm32l4xx_hal_adc.o
 .text.LL_ADC_REG_IsTriggerSourceSWStart
                0x0000000008001ebc       0x26 Drivers/STM32L4xx_HAL_Driver/Src/stm32l4xx_hal_adc.o
 .text.LL_ADC_REG_SetSequencerRanks
                0x0000000008001ee2       0x52 Drivers/STM32L4xx_HAL_Driver/Src/stm32l4xx_hal_adc.o
 .text.LL_ADC_SetChannelSamplingTime
                0x0000000008001f34       0x50 Drivers/STM32L4xx_HAL_Driver/Src/stm32l4xx_hal_adc.o
 .text.LL_ADC_SetChannelSingleDiff
                0x0000000008001f84       0x48 Drivers/STM32L4xx_HAL_Driver/Src/stm32l4xx_hal_adc.o
 .text.LL_ADC_GetMultimode
                0x0000000008001fcc       0x1c Drivers/STM32L4xx_HAL_Driver/Src/stm32l4xx_hal_adc.o
 .text.LL_ADC_DisableDeepPowerDown
                0x0000000008001fe8       0x24 Drivers/STM32L4xx_HAL_Driver/Src/stm32l4xx_hal_adc.o
 .text.LL_ADC_IsDeepPowerDownEnabled
                0x000000000800200c       0x28 Drivers/STM32L4xx_HAL_Driver/Src/stm32l4xx_hal_adc.o
 .text.LL_ADC_EnableInternalRegulator
                0x0000000008002034       0x28 Drivers/STM32L4xx_HAL_Driver/Src/stm32l4xx_hal_adc.o
 .text.LL_ADC_IsInternalRegulatorEnabled
                0x000000000800205c       0x28 Drivers/STM32L4xx_HAL_Driver/Src/stm32l4xx_hal_adc.o
 .text.LL_ADC_Enable
                0x0000000008002084       0x28 Drivers/STM32L4xx_HAL_Driver/Src/stm32l4xx_hal_adc.o
 .text.LL_ADC_IsEnabled
                0x00000000080020ac       0x26 Drivers/STM32L4xx_HAL_Driver/Src/stm32l4xx_hal_adc.o
 .text.LL_ADC_REG_StartConversion
                0x00000000080020d2       0x28 Drivers/STM32L4xx_HAL_Driver/Src/stm32l4xx_hal_adc.o
 .text.LL_ADC_REG_IsConversionOngoing
                0x00000000080020fa       0x26 Drivers/STM32L4xx_HAL_Driver/Src/stm32l4xx_hal_adc.o
 .text.LL_ADC_INJ_IsConversionOngoing
                0x0000000008002120       0x26 Drivers/STM32L4xx_HAL_Driver/Src/stm32l4xx_hal_adc.o
 *fill*         0x0000000008002146        0x2 
 .text.HAL_ADC_Init
                0x0000000008002148      0x2a8 Drivers/STM32L4xx_HAL_Driver/Src/stm32l4xx_hal_adc.o
                0x0000000008002148                HAL_ADC_Init
 .text.HAL_ADC_Start_DMA
                0x00000000080023f0      0x168 Drivers/STM32L4xx_HAL_Driver/Src/stm32l4xx_hal_adc.o
                0x00000000080023f0                HAL_ADC_Start_DMA
 .text.HAL_ADC_ConvCpltCallback
                0x0000000008002558       0x14 Drivers/STM32L4xx_HAL_Driver/Src/stm32l4xx_hal_adc.o
                0x0000000008002558                HAL_ADC_ConvCpltCallback
 .text.HAL_ADC_ConvHalfCpltCallback
                0x000000000800256c       0x14 Drivers/STM32L4xx_HAL_Driver/Src/stm32l4xx_hal_adc.o
                0x000000000800256c                HAL_ADC_ConvHalfCpltCallback
 .text.HAL_ADC_ErrorCallback
                0x0000000008002580       0x14 Drivers/STM32L4xx_HAL_Driver/Src/stm32l4xx_hal_adc.o
                0x0000000008002580                HAL_ADC_ErrorCallback
 .text.HAL_ADC_ConfigChannel
                0x0000000008002594      0x6c8 Drivers/STM32L4xx_HAL_Driver/Src/stm32l4xx_hal_adc.o
                0x0000000008002594                HAL_ADC_ConfigChannel
 .text.ADC_Enable
                0x0000000008002c5c       0xb4 Drivers/STM32L4xx_HAL_Driver/Src/stm32l4xx_hal_adc.o
                0x0000000008002c5c                ADC_Enable
 .text.ADC_DMAConvCplt
                0x0000000008002d10       0xd8 Drivers/STM32L4xx_HAL_Driver/Src/stm32l4xx_hal_adc.o
                0x0000000008002d10                ADC_DMAConvCplt
 .text.ADC_DMAHalfConvCplt
                0x0000000008002de8       0x1c Drivers/STM32L4xx_HAL_Driver/Src/stm32l4xx_hal_adc.o
                0x0000000008002de8                ADC_DMAHalfConvCplt
 .text.ADC_DMAError
                0x0000000008002e04       0x34 Drivers/STM32L4xx_HAL_Driver/Src/stm32l4xx_hal_adc.o
                0x0000000008002e04                ADC_DMAError
 .text.LL_ADC_IsEnabled
                0x0000000008002e38       0x26 Drivers/STM32L4xx_HAL_Driver/Src/stm32l4xx_hal_adc_ex.o
 .text.LL_ADC_REG_IsConversionOngoing
                0x0000000008002e5e       0x26 Drivers/STM32L4xx_HAL_Driver/Src/stm32l4xx_hal_adc_ex.o
 .text.HAL_ADCEx_MultiModeConfigChannel
                0x0000000008002e84      0x158 Drivers/STM32L4xx_HAL_Driver/Src/stm32l4xx_hal_adc_ex.o
                0x0000000008002e84                HAL_ADCEx_MultiModeConfigChannel
 .text.__NVIC_SetPriorityGrouping
                0x0000000008002fdc       0x48 Drivers/STM32L4xx_HAL_Driver/Src/stm32l4xx_hal_cortex.o
 .text.__NVIC_GetPriorityGrouping
                0x0000000008003024       0x1c Drivers/STM32L4xx_HAL_Driver/Src/stm32l4xx_hal_cortex.o
 .text.__NVIC_EnableIRQ
                0x0000000008003040       0x3c Drivers/STM32L4xx_HAL_Driver/Src/stm32l4xx_hal_cortex.o
 .text.__NVIC_SetPriority
                0x000000000800307c       0x54 Drivers/STM32L4xx_HAL_Driver/Src/stm32l4xx_hal_cortex.o
 .text.NVIC_EncodePriority
                0x00000000080030d0       0x66 Drivers/STM32L4xx_HAL_Driver/Src/stm32l4xx_hal_cortex.o
 *fill*         0x0000000008003136        0x2 
 .text.SysTick_Config
                0x0000000008003138       0x44 Drivers/STM32L4xx_HAL_Driver/Src/stm32l4xx_hal_cortex.o
 .text.HAL_NVIC_SetPriorityGrouping
                0x000000000800317c       0x16 Drivers/STM32L4xx_HAL_Driver/Src/stm32l4xx_hal_cortex.o
                0x000000000800317c                HAL_NVIC_SetPriorityGrouping
 .text.HAL_NVIC_SetPriority
                0x0000000008003192       0x38 Drivers/STM32L4xx_HAL_Driver/Src/stm32l4xx_hal_cortex.o
                0x0000000008003192                HAL_NVIC_SetPriority
 .text.HAL_NVIC_EnableIRQ
                0x00000000080031ca       0x1c Drivers/STM32L4xx_HAL_Driver/Src/stm32l4xx_hal_cortex.o
                0x00000000080031ca                HAL_NVIC_EnableIRQ
 .text.HAL_SYSTICK_Config
                0x00000000080031e6       0x18 Drivers/STM32L4xx_HAL_Driver/Src/stm32l4xx_hal_cortex.o
                0x00000000080031e6                HAL_SYSTICK_Config
 *fill*         0x00000000080031fe        0x2 
 .text.HAL_DMA_Init
                0x0000000008003200      0x170 Drivers/STM32L4xx_HAL_Driver/Src/stm32l4xx_hal_dma.o
                0x0000000008003200                HAL_DMA_Init
 .text.HAL_DMA_Start_IT
                0x0000000008003370       0xc0 Drivers/STM32L4xx_HAL_Driver/Src/stm32l4xx_hal_dma.o
                0x0000000008003370                HAL_DMA_Start_IT
 .text.HAL_DMA_Abort_IT
                0x0000000008003430       0x82 Drivers/STM32L4xx_HAL_Driver/Src/stm32l4xx_hal_dma.o
                0x0000000008003430                HAL_DMA_Abort_IT
 .text.HAL_DMA_IRQHandler
                0x00000000080034b2      0x15e Drivers/STM32L4xx_HAL_Driver/Src/stm32l4xx_hal_dma.o
                0x00000000080034b2                HAL_DMA_IRQHandler
 .text.DMA_SetConfig
                0x0000000008003610       0x60 Drivers/STM32L4xx_HAL_Driver/Src/stm32l4xx_hal_dma.o
 .text.HAL_GPIO_Init
                0x0000000008003670      0x350 Drivers/STM32L4xx_HAL_Driver/Src/stm32l4xx_hal_gpio.o
                0x0000000008003670                HAL_GPIO_Init
 .text.HAL_PWREx_GetVoltageRange
                0x00000000080039c0       0x1c Drivers/STM32L4xx_HAL_Driver/Src/stm32l4xx_hal_pwr_ex.o
                0x00000000080039c0                HAL_PWREx_GetVoltageRange
 .text.HAL_PWREx_ControlVoltageScaling
                0x00000000080039dc       0xac Drivers/STM32L4xx_HAL_Driver/Src/stm32l4xx_hal_pwr_ex.o
                0x00000000080039dc                HAL_PWREx_ControlVoltageScaling
 .text.HAL_RCC_OscConfig
                0x0000000008003a88      0x7cc Drivers/STM32L4xx_HAL_Driver/Src/stm32l4xx_hal_rcc.o
                0x0000000008003a88                HAL_RCC_OscConfig
 .text.HAL_RCC_ClockConfig
                0x0000000008004254      0x1c4 Drivers/STM32L4xx_HAL_Driver/Src/stm32l4xx_hal_rcc.o
                0x0000000008004254                HAL_RCC_ClockConfig
 .text.HAL_RCC_GetSysClockFreq
                0x0000000008004418      0x114 Drivers/STM32L4xx_HAL_Driver/Src/stm32l4xx_hal_rcc.o
                0x0000000008004418                HAL_RCC_GetSysClockFreq
 .text.HAL_RCC_GetHCLKFreq
                0x000000000800452c       0x18 Drivers/STM32L4xx_HAL_Driver/Src/stm32l4xx_hal_rcc.o
                0x000000000800452c                HAL_RCC_GetHCLKFreq
 .text.HAL_RCC_GetPCLK1Freq
                0x0000000008004544       0x2c Drivers/STM32L4xx_HAL_Driver/Src/stm32l4xx_hal_rcc.o
                0x0000000008004544                HAL_RCC_GetPCLK1Freq
 .text.HAL_RCC_GetPCLK2Freq
                0x0000000008004570       0x2c Drivers/STM32L4xx_HAL_Driver/Src/stm32l4xx_hal_rcc.o
                0x0000000008004570                HAL_RCC_GetPCLK2Freq
 .text.RCC_SetFlashLatencyFromMSIRange
                0x000000000800459c       0xc0 Drivers/STM32L4xx_HAL_Driver/Src/stm32l4xx_hal_rcc.o
 .text.HAL_RCCEx_PeriphCLKConfig
                0x000000000800465c      0x5cc Drivers/STM32L4xx_HAL_Driver/Src/stm32l4xx_hal_rcc_ex.o
                0x000000000800465c                HAL_RCCEx_PeriphCLKConfig
 .text.RCCEx_PLLSAI1_Config
                0x0000000008004c28      0x1e0 Drivers/STM32L4xx_HAL_Driver/Src/stm32l4xx_hal_rcc_ex.o
 .text.RCCEx_PLLSAI2_Config
                0x0000000008004e08      0x1b4 Drivers/STM32L4xx_HAL_Driver/Src/stm32l4xx_hal_rcc_ex.o
 .text.HAL_TIM_Base_Init
                0x0000000008004fbc       0x56 Drivers/STM32L4xx_HAL_Driver/Src/stm32l4xx_hal_tim.o
                0x0000000008004fbc                HAL_TIM_Base_Init
 *fill*         0x0000000008005012        0x2 
 .text.HAL_TIM_Base_Start_IT
                0x0000000008005014       0x54 Drivers/STM32L4xx_HAL_Driver/Src/stm32l4xx_hal_tim.o
                0x0000000008005014                HAL_TIM_Base_Start_IT
 .text.HAL_TIM_PWM_Init
                0x0000000008005068       0x56 Drivers/STM32L4xx_HAL_Driver/Src/stm32l4xx_hal_tim.o
                0x0000000008005068                HAL_TIM_PWM_Init
 *fill*         0x00000000080050be        0x2 
 .text.HAL_TIM_PWM_Start
                0x00000000080050c0       0xb0 Drivers/STM32L4xx_HAL_Driver/Src/stm32l4xx_hal_tim.o
                0x00000000080050c0                HAL_TIM_PWM_Start
 .text.HAL_TIM_IRQHandler
                0x0000000008005170      0x23e Drivers/STM32L4xx_HAL_Driver/Src/stm32l4xx_hal_tim.o
                0x0000000008005170                HAL_TIM_IRQHandler
 *fill*         0x00000000080053ae        0x2 
 .text.HAL_TIM_PWM_ConfigChannel
                0x00000000080053b0      0x230 Drivers/STM32L4xx_HAL_Driver/Src/stm32l4xx_hal_tim.o
                0x00000000080053b0                HAL_TIM_PWM_ConfigChannel
 .text.HAL_TIM_PeriodElapsedCallback
                0x00000000080055e0       0x14 Drivers/STM32L4xx_HAL_Driver/Src/stm32l4xx_hal_tim.o
                0x00000000080055e0                HAL_TIM_PeriodElapsedCallback
 .text.HAL_TIM_OC_DelayElapsedCallback
                0x00000000080055f4       0x14 Drivers/STM32L4xx_HAL_Driver/Src/stm32l4xx_hal_tim.o
                0x00000000080055f4                HAL_TIM_OC_DelayElapsedCallback
 .text.HAL_TIM_IC_CaptureCallback
                0x0000000008005608       0x14 Drivers/STM32L4xx_HAL_Driver/Src/stm32l4xx_hal_tim.o
                0x0000000008005608                HAL_TIM_IC_CaptureCallback
 .text.HAL_TIM_PWM_PulseFinishedCallback
                0x000000000800561c       0x14 Drivers/STM32L4xx_HAL_Driver/Src/stm32l4xx_hal_tim.o
                0x000000000800561c                HAL_TIM_PWM_PulseFinishedCallback
 .text.HAL_TIM_TriggerCallback
                0x0000000008005630       0x14 Drivers/STM32L4xx_HAL_Driver/Src/stm32l4xx_hal_tim.o
                0x0000000008005630                HAL_TIM_TriggerCallback
 .text.TIM_Base_SetConfig
                0x0000000008005644      0x134 Drivers/STM32L4xx_HAL_Driver/Src/stm32l4xx_hal_tim.o
                0x0000000008005644                TIM_Base_SetConfig
 .text.TIM_OC1_SetConfig
                0x0000000008005778      0x120 Drivers/STM32L4xx_HAL_Driver/Src/stm32l4xx_hal_tim.o
 .text.TIM_OC2_SetConfig
                0x0000000008005898      0x114 Drivers/STM32L4xx_HAL_Driver/Src/stm32l4xx_hal_tim.o
                0x0000000008005898                TIM_OC2_SetConfig
 .text.TIM_OC3_SetConfig
                0x00000000080059ac      0x110 Drivers/STM32L4xx_HAL_Driver/Src/stm32l4xx_hal_tim.o
 .text.TIM_OC4_SetConfig
                0x0000000008005abc       0xd4 Drivers/STM32L4xx_HAL_Driver/Src/stm32l4xx_hal_tim.o
 .text.TIM_OC5_SetConfig
                0x0000000008005b90       0xc8 Drivers/STM32L4xx_HAL_Driver/Src/stm32l4xx_hal_tim.o
 .text.TIM_OC6_SetConfig
                0x0000000008005c58       0xcc Drivers/STM32L4xx_HAL_Driver/Src/stm32l4xx_hal_tim.o
 .text.TIM_CCxChannelCmd
                0x0000000008005d24       0x4a Drivers/STM32L4xx_HAL_Driver/Src/stm32l4xx_hal_tim.o
                0x0000000008005d24                TIM_CCxChannelCmd
 *fill*         0x0000000008005d6e        0x2 
 .text.HAL_TIMEx_MasterConfigSynchronization
                0x0000000008005d70      0x110 Drivers/STM32L4xx_HAL_Driver/Src/stm32l4xx_hal_tim_ex.o
                0x0000000008005d70                HAL_TIMEx_MasterConfigSynchronization
 .text.HAL_TIMEx_ConfigBreakDeadTime
                0x0000000008005e80       0xfc Drivers/STM32L4xx_HAL_Driver/Src/stm32l4xx_hal_tim_ex.o
                0x0000000008005e80                HAL_TIMEx_ConfigBreakDeadTime
 .text.HAL_TIMEx_CommutCallback
                0x0000000008005f7c       0x14 Drivers/STM32L4xx_HAL_Driver/Src/stm32l4xx_hal_tim_ex.o
                0x0000000008005f7c                HAL_TIMEx_CommutCallback
 .text.HAL_TIMEx_BreakCallback
                0x0000000008005f90       0x14 Drivers/STM32L4xx_HAL_Driver/Src/stm32l4xx_hal_tim_ex.o
                0x0000000008005f90                HAL_TIMEx_BreakCallback
 .text.HAL_TIMEx_Break2Callback
                0x0000000008005fa4       0x14 Drivers/STM32L4xx_HAL_Driver/Src/stm32l4xx_hal_tim_ex.o
                0x0000000008005fa4                HAL_TIMEx_Break2Callback
 .text.HAL_UART_Init
                0x0000000008005fb8       0x9c Drivers/STM32L4xx_HAL_Driver/Src/stm32l4xx_hal_uart.o
                0x0000000008005fb8                HAL_UART_Init
 .text.HAL_UART_Transmit
                0x0000000008006054      0x126 Drivers/STM32L4xx_HAL_Driver/Src/stm32l4xx_hal_uart.o
                0x0000000008006054                HAL_UART_Transmit
 *fill*         0x000000000800617a        0x2 
 .text.HAL_UART_Receive_IT
                0x000000000800617c      0x144 Drivers/STM32L4xx_HAL_Driver/Src/stm32l4xx_hal_uart.o
                0x000000000800617c                HAL_UART_Receive_IT
 .text.HAL_UART_IRQHandler
                0x00000000080062c0      0x28c Drivers/STM32L4xx_HAL_Driver/Src/stm32l4xx_hal_uart.o
                0x00000000080062c0                HAL_UART_IRQHandler
 .text.HAL_UART_TxCpltCallback
                0x000000000800654c       0x14 Drivers/STM32L4xx_HAL_Driver/Src/stm32l4xx_hal_uart.o
                0x000000000800654c                HAL_UART_TxCpltCallback
 .text.HAL_UART_RxCpltCallback
                0x0000000008006560       0x14 Drivers/STM32L4xx_HAL_Driver/Src/stm32l4xx_hal_uart.o
                0x0000000008006560                HAL_UART_RxCpltCallback
 .text.HAL_UART_ErrorCallback
                0x0000000008006574       0x14 Drivers/STM32L4xx_HAL_Driver/Src/stm32l4xx_hal_uart.o
                0x0000000008006574                HAL_UART_ErrorCallback
 .text.UART_SetConfig
                0x0000000008006588      0x6e4 Drivers/STM32L4xx_HAL_Driver/Src/stm32l4xx_hal_uart.o
                0x0000000008006588                UART_SetConfig
 .text.UART_AdvFeatureConfig
                0x0000000008006c6c      0x144 Drivers/STM32L4xx_HAL_Driver/Src/stm32l4xx_hal_uart.o
                0x0000000008006c6c                UART_AdvFeatureConfig
 .text.UART_CheckIdleState
                0x0000000008006db0       0x8a Drivers/STM32L4xx_HAL_Driver/Src/stm32l4xx_hal_uart.o
                0x0000000008006db0                UART_CheckIdleState
 .text.UART_WaitOnFlagUntilTimeout
                0x0000000008006e3a       0xf6 Drivers/STM32L4xx_HAL_Driver/Src/stm32l4xx_hal_uart.o
                0x0000000008006e3a                UART_WaitOnFlagUntilTimeout
 .text.UART_EndRxTransfer
                0x0000000008006f30       0x40 Drivers/STM32L4xx_HAL_Driver/Src/stm32l4xx_hal_uart.o
 .text.UART_DMAAbortOnError
                0x0000000008006f70       0x2c Drivers/STM32L4xx_HAL_Driver/Src/stm32l4xx_hal_uart.o
 .text.UART_EndTransmit_IT
                0x0000000008006f9c       0x32 Drivers/STM32L4xx_HAL_Driver/Src/stm32l4xx_hal_uart.o
 .text.UART_RxISR_8BIT
                0x0000000008006fce       0xaa Drivers/STM32L4xx_HAL_Driver/Src/stm32l4xx_hal_uart.o
 .text.UART_RxISR_16BIT
                0x0000000008007078       0xaa Drivers/STM32L4xx_HAL_Driver/Src/stm32l4xx_hal_uart.o
 .text.HAL_UARTEx_WakeupCallback
                0x0000000008007122       0x14 Drivers/STM32L4xx_HAL_Driver/Src/stm32l4xx_hal_uart_ex.o
                0x0000000008007122                HAL_UARTEx_WakeupCallback
 *fill*         0x0000000008007136        0x2 
 .text.__libc_init_array
                0x0000000008007138       0x48 c:/st/stm32cubeide_1.3.0/stm32cubeide/plugins/com.st.stm32cube.ide.mcu.externaltools.gnu-tools-for-stm32.7-2018-q2-update.win32_1.0.0.201904181610/tools/bin/../lib/gcc/arm-none-eabi/7.3.1/../../../../arm-none-eabi/lib/thumb/v7e-m/fpv4-sp/hard\libc_nano.a(lib_a-init.o)
                0x0000000008007138                __libc_init_array
 .text.memset   0x0000000008007180       0x10 c:/st/stm32cubeide_1.3.0/stm32cubeide/plugins/com.st.stm32cube.ide.mcu.externaltools.gnu-tools-for-stm32.7-2018-q2-update.win32_1.0.0.201904181610/tools/bin/../lib/gcc/arm-none-eabi/7.3.1/../../../../arm-none-eabi/lib/thumb/v7e-m/fpv4-sp/hard\libc_nano.a(lib_a-memset.o)
                0x0000000008007180                memset
 *(.glue_7)
 .glue_7        0x0000000008007190        0x0 linker stubs
 *(.glue_7t)
 .glue_7t       0x0000000008007190        0x0 linker stubs
 *(.eh_frame)
 .eh_frame      0x0000000008007190        0x0 c:/st/stm32cubeide_1.3.0/stm32cubeide/plugins/com.st.stm32cube.ide.mcu.externaltools.gnu-tools-for-stm32.7-2018-q2-update.win32_1.0.0.201904181610/tools/bin/../lib/gcc/arm-none-eabi/7.3.1/thumb/v7e-m/fpv4-sp/hard/crtbegin.o
 *(.init)
 .init          0x0000000008007190        0x4 c:/st/stm32cubeide_1.3.0/stm32cubeide/plugins/com.st.stm32cube.ide.mcu.externaltools.gnu-tools-for-stm32.7-2018-q2-update.win32_1.0.0.201904181610/tools/bin/../lib/gcc/arm-none-eabi/7.3.1/thumb/v7e-m/fpv4-sp/hard/crti.o
                0x0000000008007190                _init
 .init          0x0000000008007194        0x8 c:/st/stm32cubeide_1.3.0/stm32cubeide/plugins/com.st.stm32cube.ide.mcu.externaltools.gnu-tools-for-stm32.7-2018-q2-update.win32_1.0.0.201904181610/tools/bin/../lib/gcc/arm-none-eabi/7.3.1/thumb/v7e-m/fpv4-sp/hard/crtn.o
 *(.fini)
 .fini          0x000000000800719c        0x4 c:/st/stm32cubeide_1.3.0/stm32cubeide/plugins/com.st.stm32cube.ide.mcu.externaltools.gnu-tools-for-stm32.7-2018-q2-update.win32_1.0.0.201904181610/tools/bin/../lib/gcc/arm-none-eabi/7.3.1/thumb/v7e-m/fpv4-sp/hard/crti.o
                0x000000000800719c                _fini
 .fini          0x00000000080071a0        0x8 c:/st/stm32cubeide_1.3.0/stm32cubeide/plugins/com.st.stm32cube.ide.mcu.externaltools.gnu-tools-for-stm32.7-2018-q2-update.win32_1.0.0.201904181610/tools/bin/../lib/gcc/arm-none-eabi/7.3.1/thumb/v7e-m/fpv4-sp/hard/crtn.o
                0x00000000080071a8                . = ALIGN (0x4)
                0x00000000080071a8                _etext = .

.vfp11_veneer   0x00000000080071a8        0x0
 .vfp11_veneer  0x00000000080071a8        0x0 linker stubs

.v4_bx          0x00000000080071a8        0x0
 .v4_bx         0x00000000080071a8        0x0 linker stubs

.iplt           0x00000000080071a8        0x0
 .iplt          0x00000000080071a8        0x0 c:/st/stm32cubeide_1.3.0/stm32cubeide/plugins/com.st.stm32cube.ide.mcu.externaltools.gnu-tools-for-stm32.7-2018-q2-update.win32_1.0.0.201904181610/tools/bin/../lib/gcc/arm-none-eabi/7.3.1/thumb/v7e-m/fpv4-sp/hard/crtbegin.o

.rodata         0x00000000080071a8       0x48
                0x00000000080071a8                . = ALIGN (0x4)
 *(.rodata)
 *(.rodata*)
 .rodata.AHBPrescTable
                0x00000000080071a8       0x10 Core/Src/system_stm32l4xx.o
                0x00000000080071a8                AHBPrescTable
 .rodata.APBPrescTable
                0x00000000080071b8        0x8 Core/Src/system_stm32l4xx.o
                0x00000000080071b8                APBPrescTable
 .rodata.MSIRangeTable
                0x00000000080071c0       0x30 Core/Src/system_stm32l4xx.o
                0x00000000080071c0                MSIRangeTable
                0x00000000080071f0                . = ALIGN (0x4)

.ARM.extab      0x00000000080071f0        0x0
                0x00000000080071f0                . = ALIGN (0x4)
 *(.ARM.extab* .gnu.linkonce.armextab.*)
                0x00000000080071f0                . = ALIGN (0x4)

.ARM            0x00000000080071f0        0x8
                0x00000000080071f0                . = ALIGN (0x4)
                0x00000000080071f0                __exidx_start = .
 *(.ARM.exidx*)
 .ARM.exidx     0x00000000080071f0        0x8 c:/st/stm32cubeide_1.3.0/stm32cubeide/plugins/com.st.stm32cube.ide.mcu.externaltools.gnu-tools-for-stm32.7-2018-q2-update.win32_1.0.0.201904181610/tools/bin/../lib/gcc/arm-none-eabi/7.3.1/thumb/v7e-m/fpv4-sp/hard\libgcc.a(_udivmoddi4.o)
                0x00000000080071f8                __exidx_end = .
                0x00000000080071f8                . = ALIGN (0x4)

.rel.dyn        0x00000000080071f8        0x0
 .rel.iplt      0x00000000080071f8        0x0 c:/st/stm32cubeide_1.3.0/stm32cubeide/plugins/com.st.stm32cube.ide.mcu.externaltools.gnu-tools-for-stm32.7-2018-q2-update.win32_1.0.0.201904181610/tools/bin/../lib/gcc/arm-none-eabi/7.3.1/thumb/v7e-m/fpv4-sp/hard/crtbegin.o

.preinit_array  0x00000000080071f8        0x0
                0x00000000080071f8                . = ALIGN (0x4)
                0x00000000080071f8                PROVIDE (__preinit_array_start = .)
 *(.preinit_array*)
                0x00000000080071f8                PROVIDE (__preinit_array_end = .)
                0x00000000080071f8                . = ALIGN (0x4)

.init_array     0x00000000080071f8        0x4
                0x00000000080071f8                . = ALIGN (0x4)
                0x00000000080071f8                PROVIDE (__init_array_start = .)
 *(SORT_BY_NAME(.init_array.*))
 *(.init_array*)
 .init_array    0x00000000080071f8        0x4 c:/st/stm32cubeide_1.3.0/stm32cubeide/plugins/com.st.stm32cube.ide.mcu.externaltools.gnu-tools-for-stm32.7-2018-q2-update.win32_1.0.0.201904181610/tools/bin/../lib/gcc/arm-none-eabi/7.3.1/thumb/v7e-m/fpv4-sp/hard/crtbegin.o
                0x00000000080071fc                PROVIDE (__init_array_end = .)
                0x00000000080071fc                . = ALIGN (0x4)

.fini_array     0x00000000080071fc        0x4
                0x00000000080071fc                . = ALIGN (0x4)
                [!provide]                        PROVIDE (__fini_array_start = .)
 *(SORT_BY_NAME(.fini_array.*))
 *(.fini_array*)
 .fini_array    0x00000000080071fc        0x4 c:/st/stm32cubeide_1.3.0/stm32cubeide/plugins/com.st.stm32cube.ide.mcu.externaltools.gnu-tools-for-stm32.7-2018-q2-update.win32_1.0.0.201904181610/tools/bin/../lib/gcc/arm-none-eabi/7.3.1/thumb/v7e-m/fpv4-sp/hard/crtbegin.o
                [!provide]                        PROVIDE (__fini_array_end = .)
                0x0000000008007200                . = ALIGN (0x4)
                0x0000000008007200                _sidata = LOADADDR (.data)

.data           0x0000000020000000        0xc load address 0x0000000008007200
                0x0000000020000000                . = ALIGN (0x4)
                0x0000000020000000                _sdata = .
 *(.data)
 *(.data*)
 .data.SystemCoreClock
                0x0000000020000000        0x4 Core/Src/system_stm32l4xx.o
                0x0000000020000000                SystemCoreClock
 .data.uwTickPrio
                0x0000000020000004        0x4 Drivers/STM32L4xx_HAL_Driver/Src/stm32l4xx_hal.o
                0x0000000020000004                uwTickPrio
 .data.uwTickFreq
                0x0000000020000008        0x4 Drivers/STM32L4xx_HAL_Driver/Src/stm32l4xx_hal.o
                0x0000000020000008                uwTickFreq
                0x000000002000000c                . = ALIGN (0x4)
                0x000000002000000c                _edata = .

.igot.plt       0x000000002000000c        0x0 load address 0x000000000800720c
 .igot.plt      0x000000002000000c        0x0 c:/st/stm32cubeide_1.3.0/stm32cubeide/plugins/com.st.stm32cube.ide.mcu.externaltools.gnu-tools-for-stm32.7-2018-q2-update.win32_1.0.0.201904181610/tools/bin/../lib/gcc/arm-none-eabi/7.3.1/thumb/v7e-m/fpv4-sp/hard/crtbegin.o
                0x000000002000000c                . = ALIGN (0x4)

.bss            0x000000002000000c      0x514 load address 0x000000000800720c
                0x000000002000000c                _sbss = .
                0x000000002000000c                __bss_start__ = _sbss
 *(.bss)
 .bss           0x000000002000000c       0x1c c:/st/stm32cubeide_1.3.0/stm32cubeide/plugins/com.st.stm32cube.ide.mcu.externaltools.gnu-tools-for-stm32.7-2018-q2-update.win32_1.0.0.201904181610/tools/bin/../lib/gcc/arm-none-eabi/7.3.1/thumb/v7e-m/fpv4-sp/hard/crtbegin.o
 *(.bss*)
 .bss.HAL_RCC_ADC_CLK_ENABLED
                0x0000000020000028        0x4 Core/Src/stm32l4xx_hal_msp.o
 *(COMMON)
 COMMON         0x000000002000002c       0x18 Core/Src/analog.o
                0x000000002000002c                adc1values
                0x0000000020000038                adc2values
 COMMON         0x0000000020000044      0x4d8 Core/Src/main.o
                0x0000000020000044                Pot2A
                0x000000002000004c                Pot2B
                0x0000000020000054                htim8
                0x0000000020000094                filteredData
                0x00000000200000a0                hadc2
                0x0000000020000104                Cs1A
                0x000000002000010c                Cs2B
                0x0000000020000114                Cs2C
                0x000000002000011c                Servo1B
                0x0000000020000140                Pot1A
                0x0000000020000148                Pot1B
                0x0000000020000150                receiveData
                0x000000002000015c                hadc1
                0x00000000200001c0                transmitData
                0x00000000200001d0                Pot1C
                0x00000000200001d8                hdma_usart2_tx
                0x0000000020000220                Pot2C
                0x0000000020000228                Servo1C
                0x000000002000024c                Cs2A
                0x0000000020000254                hdma_adc1
                0x000000002000029c                Servo2C
                0x00000000200002c0                Cs1C
                0x00000000200002c8                htim1
                0x0000000020000308                Servo2A
                0x000000002000032c                huart4
                0x00000000200003ac                huart2
                0x000000002000042c                hdma_adc2
                0x0000000020000474                Servo1A
                0x0000000020000498                htim7
                0x00000000200004d8                Servo2B
                0x00000000200004fc                Controller
                0x0000000020000514                Cs1B
 COMMON         0x000000002000051c        0x4 Drivers/STM32L4xx_HAL_Driver/Src/stm32l4xx_hal.o
                0x000000002000051c                uwTick
                0x0000000020000520                . = ALIGN (0x4)
                0x0000000020000520                _ebss = .
                0x0000000020000520                __bss_end__ = _ebss

._user_heap_stack
                0x0000000020000520      0x600 load address 0x000000000800720c
                0x0000000020000520                . = ALIGN (0x8)
                0x0000000020000520                PROVIDE (end = .)
                [!provide]                        PROVIDE (_end = .)
                0x0000000020000720                . = (. + _Min_Heap_Size)
 *fill*         0x0000000020000520      0x200 
                0x0000000020000b20                . = (. + _Min_Stack_Size)
 *fill*         0x0000000020000720      0x400 
                0x0000000020000b20                . = ALIGN (0x8)

/DISCARD/
 libc.a(*)
 libm.a(*)
 libgcc.a(*)

.ARM.attributes
                0x0000000000000000       0x30
 *(.ARM.attributes)
 .ARM.attributes
                0x0000000000000000       0x22 c:/st/stm32cubeide_1.3.0/stm32cubeide/plugins/com.st.stm32cube.ide.mcu.externaltools.gnu-tools-for-stm32.7-2018-q2-update.win32_1.0.0.201904181610/tools/bin/../lib/gcc/arm-none-eabi/7.3.1/thumb/v7e-m/fpv4-sp/hard/crti.o
 .ARM.attributes
                0x0000000000000022       0x34 c:/st/stm32cubeide_1.3.0/stm32cubeide/plugins/com.st.stm32cube.ide.mcu.externaltools.gnu-tools-for-stm32.7-2018-q2-update.win32_1.0.0.201904181610/tools/bin/../lib/gcc/arm-none-eabi/7.3.1/thumb/v7e-m/fpv4-sp/hard/crtbegin.o
 .ARM.attributes
                0x0000000000000056       0x39 Core/Src/analog.o
 .ARM.attributes
                0x000000000000008f       0x39 Core/Src/main.o
 .ARM.attributes
                0x00000000000000c8       0x39 Core/Src/servo.o
 .ARM.attributes
                0x0000000000000101       0x39 Core/Src/stm32l4xx_hal_msp.o
 .ARM.attributes
                0x000000000000013a       0x39 Core/Src/stm32l4xx_it.o
 .ARM.attributes
                0x0000000000000173       0x39 Core/Src/system_stm32l4xx.o
 .ARM.attributes
                0x00000000000001ac       0x39 Core/Src/timer_interrupt.o
 .ARM.attributes
                0x00000000000001e5       0x21 Core/Startup/startup_stm32l476rgtx.o
 .ARM.attributes
                0x0000000000000206       0x39 Drivers/STM32L4xx_HAL_Driver/Src/stm32l4xx_hal.o
 .ARM.attributes
                0x000000000000023f       0x39 Drivers/STM32L4xx_HAL_Driver/Src/stm32l4xx_hal_adc.o
 .ARM.attributes
                0x0000000000000278       0x39 Drivers/STM32L4xx_HAL_Driver/Src/stm32l4xx_hal_adc_ex.o
 .ARM.attributes
                0x00000000000002b1       0x39 Drivers/STM32L4xx_HAL_Driver/Src/stm32l4xx_hal_cortex.o
 .ARM.attributes
                0x00000000000002ea       0x39 Drivers/STM32L4xx_HAL_Driver/Src/stm32l4xx_hal_dma.o
 .ARM.attributes
                0x0000000000000323       0x39 Drivers/STM32L4xx_HAL_Driver/Src/stm32l4xx_hal_gpio.o
 .ARM.attributes
                0x000000000000035c       0x39 Drivers/STM32L4xx_HAL_Driver/Src/stm32l4xx_hal_pwr_ex.o
 .ARM.attributes
                0x0000000000000395       0x39 Drivers/STM32L4xx_HAL_Driver/Src/stm32l4xx_hal_rcc.o
 .ARM.attributes
                0x00000000000003ce       0x39 Drivers/STM32L4xx_HAL_Driver/Src/stm32l4xx_hal_rcc_ex.o
 .ARM.attributes
                0x0000000000000407       0x39 Drivers/STM32L4xx_HAL_Driver/Src/stm32l4xx_hal_tim.o
 .ARM.attributes
                0x0000000000000440       0x39 Drivers/STM32L4xx_HAL_Driver/Src/stm32l4xx_hal_tim_ex.o
 .ARM.attributes
                0x0000000000000479       0x39 Drivers/STM32L4xx_HAL_Driver/Src/stm32l4xx_hal_uart.o
 .ARM.attributes
                0x00000000000004b2       0x39 Drivers/STM32L4xx_HAL_Driver/Src/stm32l4xx_hal_uart_ex.o
 .ARM.attributes
                0x00000000000004eb       0x34 c:/st/stm32cubeide_1.3.0/stm32cubeide/plugins/com.st.stm32cube.ide.mcu.externaltools.gnu-tools-for-stm32.7-2018-q2-update.win32_1.0.0.201904181610/tools/bin/../lib/gcc/arm-none-eabi/7.3.1/../../../../arm-none-eabi/lib/thumb/v7e-m/fpv4-sp/hard\libc_nano.a(lib_a-init.o)
 .ARM.attributes
                0x000000000000051f       0x34 c:/st/stm32cubeide_1.3.0/stm32cubeide/plugins/com.st.stm32cube.ide.mcu.externaltools.gnu-tools-for-stm32.7-2018-q2-update.win32_1.0.0.201904181610/tools/bin/../lib/gcc/arm-none-eabi/7.3.1/../../../../arm-none-eabi/lib/thumb/v7e-m/fpv4-sp/hard\libc_nano.a(lib_a-memset.o)
 .ARM.attributes
                0x0000000000000553       0x22 c:/st/stm32cubeide_1.3.0/stm32cubeide/plugins/com.st.stm32cube.ide.mcu.externaltools.gnu-tools-for-stm32.7-2018-q2-update.win32_1.0.0.201904181610/tools/bin/../lib/gcc/arm-none-eabi/7.3.1/thumb/v7e-m/fpv4-sp/hard\libgcc.a(_aeabi_uldivmod.o)
 .ARM.attributes
                0x0000000000000575       0x34 c:/st/stm32cubeide_1.3.0/stm32cubeide/plugins/com.st.stm32cube.ide.mcu.externaltools.gnu-tools-for-stm32.7-2018-q2-update.win32_1.0.0.201904181610/tools/bin/../lib/gcc/arm-none-eabi/7.3.1/thumb/v7e-m/fpv4-sp/hard\libgcc.a(_udivmoddi4.o)
 .ARM.attributes
                0x00000000000005a9       0x22 c:/st/stm32cubeide_1.3.0/stm32cubeide/plugins/com.st.stm32cube.ide.mcu.externaltools.gnu-tools-for-stm32.7-2018-q2-update.win32_1.0.0.201904181610/tools/bin/../lib/gcc/arm-none-eabi/7.3.1/thumb/v7e-m/fpv4-sp/hard\libgcc.a(_dvmd_tls.o)
 .ARM.attributes
                0x00000000000005cb       0x22 c:/st/stm32cubeide_1.3.0/stm32cubeide/plugins/com.st.stm32cube.ide.mcu.externaltools.gnu-tools-for-stm32.7-2018-q2-update.win32_1.0.0.201904181610/tools/bin/../lib/gcc/arm-none-eabi/7.3.1/thumb/v7e-m/fpv4-sp/hard/crtn.o
OUTPUT(Dual_Actuator_Board.elf elf32-littlearm)

.debug_info     0x0000000000000000    0x15c17
 .debug_info    0x0000000000000000     0x1174 Core/Src/analog.o
 .debug_info    0x0000000000001174     0x278e Core/Src/main.o
 .debug_info    0x0000000000003902      0x8b6 Core/Src/servo.o
 .debug_info    0x00000000000041b8     0x172a Core/Src/stm32l4xx_hal_msp.o
 .debug_info    0x00000000000058e2      0xb91 Core/Src/stm32l4xx_it.o
 .debug_info    0x0000000000006473      0x6f6 Core/Src/system_stm32l4xx.o
 .debug_info    0x0000000000006b69      0x869 Core/Src/timer_interrupt.o
 .debug_info    0x00000000000073d2       0x22 Core/Startup/startup_stm32l476rgtx.o
 .debug_info    0x00000000000073f4      0xcee Drivers/STM32L4xx_HAL_Driver/Src/stm32l4xx_hal.o
 .debug_info    0x00000000000080e2     0x1c49 Drivers/STM32L4xx_HAL_Driver/Src/stm32l4xx_hal_adc.o
 .debug_info    0x0000000000009d2b     0x1a00 Drivers/STM32L4xx_HAL_Driver/Src/stm32l4xx_hal_adc_ex.o
 .debug_info    0x000000000000b72b      0xf3c Drivers/STM32L4xx_HAL_Driver/Src/stm32l4xx_hal_cortex.o
 .debug_info    0x000000000000c667      0x8c1 Drivers/STM32L4xx_HAL_Driver/Src/stm32l4xx_hal_dma.o
 .debug_info    0x000000000000cf28      0x982 Drivers/STM32L4xx_HAL_Driver/Src/stm32l4xx_hal_gpio.o
 .debug_info    0x000000000000d8aa      0xb04 Drivers/STM32L4xx_HAL_Driver/Src/stm32l4xx_hal_pwr_ex.o
 .debug_info    0x000000000000e3ae      0xcfe Drivers/STM32L4xx_HAL_Driver/Src/stm32l4xx_hal_rcc.o
 .debug_info    0x000000000000f0ac      0xf10 Drivers/STM32L4xx_HAL_Driver/Src/stm32l4xx_hal_rcc_ex.o
 .debug_info    0x000000000000ffbc     0x266f Drivers/STM32L4xx_HAL_Driver/Src/stm32l4xx_hal_tim.o
 .debug_info    0x000000000001262b     0x13d8 Drivers/STM32L4xx_HAL_Driver/Src/stm32l4xx_hal_tim_ex.o
 .debug_info    0x0000000000013a03     0x180e Drivers/STM32L4xx_HAL_Driver/Src/stm32l4xx_hal_uart.o
 .debug_info    0x0000000000015211      0xa06 Drivers/STM32L4xx_HAL_Driver/Src/stm32l4xx_hal_uart_ex.o

.debug_abbrev   0x0000000000000000     0x2880
 .debug_abbrev  0x0000000000000000      0x1fa Core/Src/analog.o
 .debug_abbrev  0x00000000000001fa      0x2d3 Core/Src/main.o
 .debug_abbrev  0x00000000000004cd      0x1a3 Core/Src/servo.o
 .debug_abbrev  0x0000000000000670      0x1f8 Core/Src/stm32l4xx_hal_msp.o
 .debug_abbrev  0x0000000000000868      0x172 Core/Src/stm32l4xx_it.o
 .debug_abbrev  0x00000000000009da      0x150 Core/Src/system_stm32l4xx.o
 .debug_abbrev  0x0000000000000b2a      0x185 Core/Src/timer_interrupt.o
 .debug_abbrev  0x0000000000000caf       0x12 Core/Startup/startup_stm32l476rgtx.o
 .debug_abbrev  0x0000000000000cc1      0x1fb Drivers/STM32L4xx_HAL_Driver/Src/stm32l4xx_hal.o
 .debug_abbrev  0x0000000000000ebc      0x24a Drivers/STM32L4xx_HAL_Driver/Src/stm32l4xx_hal_adc.o
 .debug_abbrev  0x0000000000001106      0x26a Drivers/STM32L4xx_HAL_Driver/Src/stm32l4xx_hal_adc_ex.o
 .debug_abbrev  0x0000000000001370      0x2fa Drivers/STM32L4xx_HAL_Driver/Src/stm32l4xx_hal_cortex.o
 .debug_abbrev  0x000000000000166a      0x1d9 Drivers/STM32L4xx_HAL_Driver/Src/stm32l4xx_hal_dma.o
 .debug_abbrev  0x0000000000001843      0x1c0 Drivers/STM32L4xx_HAL_Driver/Src/stm32l4xx_hal_gpio.o
 .debug_abbrev  0x0000000000001a03      0x1cb Drivers/STM32L4xx_HAL_Driver/Src/stm32l4xx_hal_pwr_ex.o
 .debug_abbrev  0x0000000000001bce      0x245 Drivers/STM32L4xx_HAL_Driver/Src/stm32l4xx_hal_rcc.o
 .debug_abbrev  0x0000000000001e13      0x238 Drivers/STM32L4xx_HAL_Driver/Src/stm32l4xx_hal_rcc_ex.o
 .debug_abbrev  0x000000000000204b      0x230 Drivers/STM32L4xx_HAL_Driver/Src/stm32l4xx_hal_tim.o
 .debug_abbrev  0x000000000000227b      0x21e Drivers/STM32L4xx_HAL_Driver/Src/stm32l4xx_hal_tim_ex.o
 .debug_abbrev  0x0000000000002499      0x205 Drivers/STM32L4xx_HAL_Driver/Src/stm32l4xx_hal_uart.o
 .debug_abbrev  0x000000000000269e      0x1e2 Drivers/STM32L4xx_HAL_Driver/Src/stm32l4xx_hal_uart_ex.o

.debug_aranges  0x0000000000000000     0x1380
 .debug_aranges
                0x0000000000000000       0x30 Core/Src/analog.o
 .debug_aranges
                0x0000000000000030       0x90 Core/Src/main.o
 .debug_aranges
                0x00000000000000c0       0x30 Core/Src/servo.o
 .debug_aranges
                0x00000000000000f0       0x68 Core/Src/stm32l4xx_hal_msp.o
 .debug_aranges
                0x0000000000000158       0x90 Core/Src/stm32l4xx_it.o
 .debug_aranges
                0x00000000000001e8       0x28 Core/Src/system_stm32l4xx.o
 .debug_aranges
                0x0000000000000210       0x38 Core/Src/timer_interrupt.o
 .debug_aranges
                0x0000000000000248       0x28 Core/Startup/startup_stm32l476rgtx.o
 .debug_aranges
                0x0000000000000270      0x130 Drivers/STM32L4xx_HAL_Driver/Src/stm32l4xx_hal.o
 .debug_aranges
                0x00000000000003a0      0x220 Drivers/STM32L4xx_HAL_Driver/Src/stm32l4xx_hal_adc.o
 .debug_aranges
                0x00000000000005c0      0x1a8 Drivers/STM32L4xx_HAL_Driver/Src/stm32l4xx_hal_adc_ex.o
 .debug_aranges
                0x0000000000000768      0x118 Drivers/STM32L4xx_HAL_Driver/Src/stm32l4xx_hal_cortex.o
 .debug_aranges
                0x0000000000000880       0x80 Drivers/STM32L4xx_HAL_Driver/Src/stm32l4xx_hal_dma.o
 .debug_aranges
                0x0000000000000900       0x58 Drivers/STM32L4xx_HAL_Driver/Src/stm32l4xx_hal_gpio.o
 .debug_aranges
                0x0000000000000958      0x150 Drivers/STM32L4xx_HAL_Driver/Src/stm32l4xx_hal_pwr_ex.o
 .debug_aranges
                0x0000000000000aa8       0x88 Drivers/STM32L4xx_HAL_Driver/Src/stm32l4xx_hal_rcc.o
 .debug_aranges
                0x0000000000000b30       0xc0 Drivers/STM32L4xx_HAL_Driver/Src/stm32l4xx_hal_rcc_ex.o
 .debug_aranges
                0x0000000000000bf0      0x3b8 Drivers/STM32L4xx_HAL_Driver/Src/stm32l4xx_hal_tim.o
 .debug_aranges
                0x0000000000000fa8      0x168 Drivers/STM32L4xx_HAL_Driver/Src/stm32l4xx_hal_tim_ex.o
 .debug_aranges
                0x0000000000001110      0x210 Drivers/STM32L4xx_HAL_Driver/Src/stm32l4xx_hal_uart.o
 .debug_aranges
                0x0000000000001320       0x60 Drivers/STM32L4xx_HAL_Driver/Src/stm32l4xx_hal_uart_ex.o

.debug_ranges   0x0000000000000000     0x1238
 .debug_ranges  0x0000000000000000       0x20 Core/Src/analog.o
 .debug_ranges  0x0000000000000020       0x80 Core/Src/main.o
 .debug_ranges  0x00000000000000a0       0x20 Core/Src/servo.o
 .debug_ranges  0x00000000000000c0       0x58 Core/Src/stm32l4xx_hal_msp.o
 .debug_ranges  0x0000000000000118       0x80 Core/Src/stm32l4xx_it.o
 .debug_ranges  0x0000000000000198       0x18 Core/Src/system_stm32l4xx.o
 .debug_ranges  0x00000000000001b0       0x28 Core/Src/timer_interrupt.o
 .debug_ranges  0x00000000000001d8       0x20 Core/Startup/startup_stm32l476rgtx.o
 .debug_ranges  0x00000000000001f8      0x120 Drivers/STM32L4xx_HAL_Driver/Src/stm32l4xx_hal.o
 .debug_ranges  0x0000000000000318      0x210 Drivers/STM32L4xx_HAL_Driver/Src/stm32l4xx_hal_adc.o
 .debug_ranges  0x0000000000000528      0x198 Drivers/STM32L4xx_HAL_Driver/Src/stm32l4xx_hal_adc_ex.o
 .debug_ranges  0x00000000000006c0      0x108 Drivers/STM32L4xx_HAL_Driver/Src/stm32l4xx_hal_cortex.o
 .debug_ranges  0x00000000000007c8       0x70 Drivers/STM32L4xx_HAL_Driver/Src/stm32l4xx_hal_dma.o
 .debug_ranges  0x0000000000000838       0x48 Drivers/STM32L4xx_HAL_Driver/Src/stm32l4xx_hal_gpio.o
 .debug_ranges  0x0000000000000880      0x140 Drivers/STM32L4xx_HAL_Driver/Src/stm32l4xx_hal_pwr_ex.o
 .debug_ranges  0x00000000000009c0       0x78 Drivers/STM32L4xx_HAL_Driver/Src/stm32l4xx_hal_rcc.o
 .debug_ranges  0x0000000000000a38       0xb0 Drivers/STM32L4xx_HAL_Driver/Src/stm32l4xx_hal_rcc_ex.o
 .debug_ranges  0x0000000000000ae8      0x3a8 Drivers/STM32L4xx_HAL_Driver/Src/stm32l4xx_hal_tim.o
 .debug_ranges  0x0000000000000e90      0x158 Drivers/STM32L4xx_HAL_Driver/Src/stm32l4xx_hal_tim_ex.o
 .debug_ranges  0x0000000000000fe8      0x200 Drivers/STM32L4xx_HAL_Driver/Src/stm32l4xx_hal_uart.o
 .debug_ranges  0x00000000000011e8       0x50 Drivers/STM32L4xx_HAL_Driver/Src/stm32l4xx_hal_uart_ex.o

.debug_macro    0x0000000000000000    0x29b3f
 .debug_macro   0x0000000000000000      0x2e9 Core/Src/analog.o
 .debug_macro   0x00000000000002e9      0xa5a Core/Src/analog.o
 .debug_macro   0x0000000000000d43       0x18 Core/Src/analog.o
 .debug_macro   0x0000000000000d5b       0x22 Core/Src/analog.o
 .debug_macro   0x0000000000000d7d       0x40 Core/Src/analog.o
 .debug_macro   0x0000000000000dbd       0x94 Core/Src/analog.o
 .debug_macro   0x0000000000000e51       0x3c Core/Src/analog.o
 .debug_macro   0x0000000000000e8d       0x34 Core/Src/analog.o
 .debug_macro   0x0000000000000ec1       0x16 Core/Src/analog.o
 .debug_macro   0x0000000000000ed7      0x10e Core/Src/analog.o
 .debug_macro   0x0000000000000fe5       0x8d Core/Src/analog.o
 .debug_macro   0x0000000000001072       0x57 Core/Src/analog.o
 .debug_macro   0x00000000000010c9       0x52 Core/Src/analog.o
 .debug_macro   0x000000000000111b       0x1f Core/Src/analog.o
 .debug_macro   0x000000000000113a       0x43 Core/Src/analog.o
 .debug_macro   0x000000000000117d       0x20 Core/Src/analog.o
 .debug_macro   0x000000000000119d      0x1a3 Core/Src/analog.o
 .debug_macro   0x0000000000001340      0x330 Core/Src/analog.o
 .debug_macro   0x0000000000001670       0x16 Core/Src/analog.o
 .debug_macro   0x0000000000001686       0x29 Core/Src/analog.o
 .debug_macro   0x00000000000016af       0xc6 Core/Src/analog.o
 .debug_macro   0x0000000000001775       0x2e Core/Src/analog.o
 .debug_macro   0x00000000000017a3       0x28 Core/Src/analog.o
 .debug_macro   0x00000000000017cb       0xef Core/Src/analog.o
 .debug_macro   0x00000000000018ba       0x6a Core/Src/analog.o
 .debug_macro   0x0000000000001924      0x1df Core/Src/analog.o
 .debug_macro   0x0000000000001b03       0x1c Core/Src/analog.o
 .debug_macro   0x0000000000001b1f       0x22 Core/Src/analog.o
 .debug_macro   0x0000000000001b41       0xd9 Core/Src/analog.o
 .debug_macro   0x0000000000001c1a     0x102d Core/Src/analog.o
 .debug_macro   0x0000000000002c47      0x11f Core/Src/analog.o
 .debug_macro   0x0000000000002d66    0x1a13d Core/Src/analog.o
 .debug_macro   0x000000000001cea3       0x43 Core/Src/analog.o
 .debug_macro   0x000000000001cee6     0x3890 Core/Src/analog.o
 .debug_macro   0x0000000000020776       0x56 Core/Src/analog.o
 .debug_macro   0x00000000000207cc     0x155f Core/Src/analog.o
 .debug_macro   0x0000000000021d2b      0x59e Core/Src/analog.o
 .debug_macro   0x00000000000222c9      0x241 Core/Src/analog.o
 .debug_macro   0x000000000002250a      0x13d Core/Src/analog.o
 .debug_macro   0x0000000000022647      0x18b Core/Src/analog.o
 .debug_macro   0x00000000000227d2      0x26b Core/Src/analog.o
 .debug_macro   0x0000000000022a3d      0x23d Core/Src/analog.o
 .debug_macro   0x0000000000022c7a      0xf83 Core/Src/analog.o
 .debug_macro   0x0000000000023bfd      0x632 Core/Src/analog.o
 .debug_macro   0x000000000002422f      0x30c Core/Src/analog.o
 .debug_macro   0x000000000002453b      0x37c Core/Src/analog.o
 .debug_macro   0x00000000000248b7       0xd6 Core/Src/analog.o
 .debug_macro   0x000000000002498d      0x22c Core/Src/analog.o
 .debug_macro   0x0000000000024bb9       0x5e Core/Src/analog.o
 .debug_macro   0x0000000000024c17       0xa5 Core/Src/analog.o
 .debug_macro   0x0000000000024cbc      0x122 Core/Src/analog.o
 .debug_macro   0x0000000000024dde      0x3e9 Core/Src/analog.o
 .debug_macro   0x00000000000251c7      0xa44 Core/Src/analog.o
 .debug_macro   0x0000000000025c0b      0x1e7 Core/Src/analog.o
 .debug_macro   0x0000000000025df2      0x59e Core/Src/analog.o
 .debug_macro   0x0000000000026390       0x44 Core/Src/analog.o
 .debug_macro   0x00000000000263d4      0x34a Core/Src/analog.o
 .debug_macro   0x000000000002671e       0x40 Core/Src/analog.o
 .debug_macro   0x000000000002675e       0x16 Core/Src/analog.o
 .debug_macro   0x0000000000026774      0x42c Core/Src/main.o
 .debug_macro   0x0000000000026ba0       0x1c Core/Src/main.o
 .debug_macro   0x0000000000026bbc       0x35 Core/Src/main.o
 .debug_macro   0x0000000000026bf1       0x10 Core/Src/main.o
 .debug_macro   0x0000000000026c01       0x10 Core/Src/main.o
 .debug_macro   0x0000000000026c11       0x1c Core/Src/main.o
 .debug_macro   0x0000000000026c2d       0x52 Core/Src/main.o
 .debug_macro   0x0000000000026c7f       0x40 Core/Src/main.o
 .debug_macro   0x0000000000026cbf       0x10 Core/Src/main.o
 .debug_macro   0x0000000000026ccf       0x40 Core/Src/main.o
 .debug_macro   0x0000000000026d0f       0xd7 Core/Src/main.o
 .debug_macro   0x0000000000026de6       0x1c Core/Src/main.o
 .debug_macro   0x0000000000026e02       0x3d Core/Src/main.o
 .debug_macro   0x0000000000026e3f       0x16 Core/Src/main.o
 .debug_macro   0x0000000000026e55      0x145 Core/Src/main.o
 .debug_macro   0x0000000000026f9a       0x10 Core/Src/main.o
 .debug_macro   0x0000000000026faa      0x460 Core/Src/main.o
 .debug_macro   0x000000000002740a       0x16 Core/Src/main.o
 .debug_macro   0x0000000000027420       0x20 Core/Src/main.o
 .debug_macro   0x0000000000027440       0x22 Core/Src/main.o
 .debug_macro   0x0000000000027462       0x28 Core/Src/main.o
 .debug_macro   0x000000000002748a      0x224 Core/Src/servo.o
 .debug_macro   0x00000000000276ae      0x21b Core/Src/stm32l4xx_hal_msp.o
 .debug_macro   0x00000000000278c9      0x225 Core/Src/stm32l4xx_it.o
 .debug_macro   0x0000000000027aee      0x212 Core/Src/system_stm32l4xx.o
 .debug_macro   0x0000000000027d00      0x225 Core/Src/timer_interrupt.o
 .debug_macro   0x0000000000027f25      0x25a Drivers/STM32L4xx_HAL_Driver/Src/stm32l4xx_hal.o
 .debug_macro   0x000000000002817f      0x229 Drivers/STM32L4xx_HAL_Driver/Src/stm32l4xx_hal_adc.o
 .debug_macro   0x00000000000283a8      0x218 Drivers/STM32L4xx_HAL_Driver/Src/stm32l4xx_hal_adc_ex.o
 .debug_macro   0x00000000000285c0      0x20c Drivers/STM32L4xx_HAL_Driver/Src/stm32l4xx_hal_cortex.o
 .debug_macro   0x00000000000287cc      0x20c Drivers/STM32L4xx_HAL_Driver/Src/stm32l4xx_hal_dma.o
 .debug_macro   0x00000000000289d8      0x24b Drivers/STM32L4xx_HAL_Driver/Src/stm32l4xx_hal_gpio.o
 .debug_macro   0x0000000000028c23      0x230 Drivers/STM32L4xx_HAL_Driver/Src/stm32l4xx_hal_pwr_ex.o
 .debug_macro   0x0000000000028e53      0x24e Drivers/STM32L4xx_HAL_Driver/Src/stm32l4xx_hal_rcc.o
 .debug_macro   0x00000000000290a1      0x242 Drivers/STM32L4xx_HAL_Driver/Src/stm32l4xx_hal_rcc_ex.o
 .debug_macro   0x00000000000292e3      0x20d Drivers/STM32L4xx_HAL_Driver/Src/stm32l4xx_hal_tim.o
 .debug_macro   0x00000000000294f0      0x20c Drivers/STM32L4xx_HAL_Driver/Src/stm32l4xx_hal_tim_ex.o
 .debug_macro   0x00000000000296fc      0x237 Drivers/STM32L4xx_HAL_Driver/Src/stm32l4xx_hal_uart.o
 .debug_macro   0x0000000000029933      0x20c Drivers/STM32L4xx_HAL_Driver/Src/stm32l4xx_hal_uart_ex.o

.debug_line     0x0000000000000000     0xf424
 .debug_line    0x0000000000000000      0x8ce Core/Src/analog.o
 .debug_line    0x00000000000008ce      0xc5e Core/Src/main.o
 .debug_line    0x000000000000152c      0x7a6 Core/Src/servo.o
 .debug_line    0x0000000000001cd2      0x8ad Core/Src/stm32l4xx_hal_msp.o
 .debug_line    0x000000000000257f      0x865 Core/Src/stm32l4xx_it.o
 .debug_line    0x0000000000002de4      0x77f Core/Src/system_stm32l4xx.o
 .debug_line    0x0000000000003563      0x7a6 Core/Src/timer_interrupt.o
 .debug_line    0x0000000000003d09       0x85 Core/Startup/startup_stm32l476rgtx.o
 .debug_line    0x0000000000003d8e      0x9f3 Drivers/STM32L4xx_HAL_Driver/Src/stm32l4xx_hal.o
 .debug_line    0x0000000000004781     0x1505 Drivers/STM32L4xx_HAL_Driver/Src/stm32l4xx_hal_adc.o
 .debug_line    0x0000000000005c86     0x1215 Drivers/STM32L4xx_HAL_Driver/Src/stm32l4xx_hal_adc_ex.o
 .debug_line    0x0000000000006e9b      0xa7b Drivers/STM32L4xx_HAL_Driver/Src/stm32l4xx_hal_cortex.o
 .debug_line    0x0000000000007916      0x978 Drivers/STM32L4xx_HAL_Driver/Src/stm32l4xx_hal_dma.o
 .debug_line    0x000000000000828e      0x912 Drivers/STM32L4xx_HAL_Driver/Src/stm32l4xx_hal_gpio.o
 .debug_line    0x0000000000008ba0      0xb09 Drivers/STM32L4xx_HAL_Driver/Src/stm32l4xx_hal_pwr_ex.o
 .debug_line    0x00000000000096a9      0xa6c Drivers/STM32L4xx_HAL_Driver/Src/stm32l4xx_hal_rcc.o
 .debug_line    0x000000000000a115      0xd02 Drivers/STM32L4xx_HAL_Driver/Src/stm32l4xx_hal_rcc_ex.o
 .debug_line    0x000000000000ae17     0x1bef Drivers/STM32L4xx_HAL_Driver/Src/stm32l4xx_hal_tim.o
 .debug_line    0x000000000000ca06      0xe63 Drivers/STM32L4xx_HAL_Driver/Src/stm32l4xx_hal_tim_ex.o
 .debug_line    0x000000000000d869     0x1314 Drivers/STM32L4xx_HAL_Driver/Src/stm32l4xx_hal_uart.o
 .debug_line    0x000000000000eb7d      0x8a7 Drivers/STM32L4xx_HAL_Driver/Src/stm32l4xx_hal_uart_ex.o

.debug_str      0x0000000000000000   0x107bd5
 .debug_str     0x0000000000000000    0xff457 Core/Src/analog.o
                                      0xffa60 (size before relaxing)
 .debug_str     0x00000000000ff457     0x3ce1 Core/Src/main.o
                                     0x1038ba (size before relaxing)
 .debug_str     0x0000000000103138       0x6d Core/Src/servo.o
                                      0xfca3f (size before relaxing)
 .debug_str     0x00000000001031a5      0x112 Core/Src/stm32l4xx_hal_msp.o
                                      0xfd545 (size before relaxing)
 .debug_str     0x00000000001032b7      0x13b Core/Src/stm32l4xx_it.o
                                      0xfcc72 (size before relaxing)
 .debug_str     0x00000000001033f2       0xcd Core/Src/system_stm32l4xx.o
                                      0xfc65d (size before relaxing)
 .debug_str     0x00000000001034bf       0x7a Core/Src/timer_interrupt.o
                                      0xfc9e5 (size before relaxing)
 .debug_str     0x0000000000103539       0x36 Core/Startup/startup_stm32l476rgtx.o
                                         0x7b (size before relaxing)
 .debug_str     0x000000000010356f      0x614 Drivers/STM32L4xx_HAL_Driver/Src/stm32l4xx_hal.o
                                      0xfd1a0 (size before relaxing)
 .debug_str     0x0000000000103b83      0x9d8 Drivers/STM32L4xx_HAL_Driver/Src/stm32l4xx_hal_adc.o
                                      0xfd3aa (size before relaxing)
 .debug_str     0x000000000010455b      0x705 Drivers/STM32L4xx_HAL_Driver/Src/stm32l4xx_hal_adc_ex.o
                                      0xfd38d (size before relaxing)
 .debug_str     0x0000000000104c60      0x392 Drivers/STM32L4xx_HAL_Driver/Src/stm32l4xx_hal_cortex.o
                                      0xfceb0 (size before relaxing)
 .debug_str     0x0000000000104ff2      0x253 Drivers/STM32L4xx_HAL_Driver/Src/stm32l4xx_hal_dma.o
                                      0xfc8b5 (size before relaxing)
 .debug_str     0x0000000000105245      0x252 Drivers/STM32L4xx_HAL_Driver/Src/stm32l4xx_hal_gpio.o
                                      0xfc8dc (size before relaxing)
 .debug_str     0x0000000000105497      0x4a4 Drivers/STM32L4xx_HAL_Driver/Src/stm32l4xx_hal_pwr_ex.o
                                      0xfcb78 (size before relaxing)
 .debug_str     0x000000000010593b      0x34e Drivers/STM32L4xx_HAL_Driver/Src/stm32l4xx_hal_rcc.o
                                      0xfcc1f (size before relaxing)
 .debug_str     0x0000000000105c89      0x3a6 Drivers/STM32L4xx_HAL_Driver/Src/stm32l4xx_hal_rcc_ex.o
                                      0xfcdb0 (size before relaxing)
 .debug_str     0x000000000010602f      0xce3 Drivers/STM32L4xx_HAL_Driver/Src/stm32l4xx_hal_tim.o
                                      0xfd6d7 (size before relaxing)
 .debug_str     0x0000000000106d12      0x4eb Drivers/STM32L4xx_HAL_Driver/Src/stm32l4xx_hal_tim_ex.o
                                      0xfcff8 (size before relaxing)
 .debug_str     0x00000000001071fd      0x853 Drivers/STM32L4xx_HAL_Driver/Src/stm32l4xx_hal_uart.o
                                      0xfd227 (size before relaxing)
 .debug_str     0x0000000000107a50      0x185 Drivers/STM32L4xx_HAL_Driver/Src/stm32l4xx_hal_uart_ex.o
                                      0xfca03 (size before relaxing)

.comment        0x0000000000000000       0x7b
 .comment       0x0000000000000000       0x7b Core/Src/analog.o
                                         0x7c (size before relaxing)
 .comment       0x000000000000007b       0x7c Core/Src/main.o
 .comment       0x000000000000007b       0x7c Core/Src/servo.o
 .comment       0x000000000000007b       0x7c Core/Src/stm32l4xx_hal_msp.o
 .comment       0x000000000000007b       0x7c Core/Src/stm32l4xx_it.o
 .comment       0x000000000000007b       0x7c Core/Src/system_stm32l4xx.o
 .comment       0x000000000000007b       0x7c Core/Src/timer_interrupt.o
 .comment       0x000000000000007b       0x7c Drivers/STM32L4xx_HAL_Driver/Src/stm32l4xx_hal.o
 .comment       0x000000000000007b       0x7c Drivers/STM32L4xx_HAL_Driver/Src/stm32l4xx_hal_adc.o
 .comment       0x000000000000007b       0x7c Drivers/STM32L4xx_HAL_Driver/Src/stm32l4xx_hal_adc_ex.o
 .comment       0x000000000000007b       0x7c Drivers/STM32L4xx_HAL_Driver/Src/stm32l4xx_hal_cortex.o
 .comment       0x000000000000007b       0x7c Drivers/STM32L4xx_HAL_Driver/Src/stm32l4xx_hal_dma.o
 .comment       0x000000000000007b       0x7c Drivers/STM32L4xx_HAL_Driver/Src/stm32l4xx_hal_gpio.o
 .comment       0x000000000000007b       0x7c Drivers/STM32L4xx_HAL_Driver/Src/stm32l4xx_hal_pwr_ex.o
 .comment       0x000000000000007b       0x7c Drivers/STM32L4xx_HAL_Driver/Src/stm32l4xx_hal_rcc.o
 .comment       0x000000000000007b       0x7c Drivers/STM32L4xx_HAL_Driver/Src/stm32l4xx_hal_rcc_ex.o
 .comment       0x000000000000007b       0x7c Drivers/STM32L4xx_HAL_Driver/Src/stm32l4xx_hal_tim.o
 .comment       0x000000000000007b       0x7c Drivers/STM32L4xx_HAL_Driver/Src/stm32l4xx_hal_tim_ex.o
 .comment       0x000000000000007b       0x7c Drivers/STM32L4xx_HAL_Driver/Src/stm32l4xx_hal_uart.o
 .comment       0x000000000000007b       0x7c Drivers/STM32L4xx_HAL_Driver/Src/stm32l4xx_hal_uart_ex.o

.debug_frame    0x0000000000000000     0x52b8
 .debug_frame   0x0000000000000000       0x84 Core/Src/analog.o
 .debug_frame   0x0000000000000084      0x210 Core/Src/main.o
 .debug_frame   0x0000000000000294       0x80 Core/Src/servo.o
 .debug_frame   0x0000000000000314      0x188 Core/Src/stm32l4xx_hal_msp.o
 .debug_frame   0x000000000000049c      0x1b4 Core/Src/stm32l4xx_it.o
 .debug_frame   0x0000000000000650       0x58 Core/Src/system_stm32l4xx.o
 .debug_frame   0x00000000000006a8       0xa4 Core/Src/timer_interrupt.o
 .debug_frame   0x000000000000074c      0x498 Drivers/STM32L4xx_HAL_Driver/Src/stm32l4xx_hal.o
 .debug_frame   0x0000000000000be4      0xa04 Drivers/STM32L4xx_HAL_Driver/Src/stm32l4xx_hal_adc.o
 .debug_frame   0x00000000000015e8      0x7a4 Drivers/STM32L4xx_HAL_Driver/Src/stm32l4xx_hal_adc_ex.o
 .debug_frame   0x0000000000001d8c      0x498 Drivers/STM32L4xx_HAL_Driver/Src/stm32l4xx_hal_cortex.o
 .debug_frame   0x0000000000002224      0x204 Drivers/STM32L4xx_HAL_Driver/Src/stm32l4xx_hal_dma.o
 .debug_frame   0x0000000000002428      0x14c Drivers/STM32L4xx_HAL_Driver/Src/stm32l4xx_hal_gpio.o
 .debug_frame   0x0000000000002574      0x544 Drivers/STM32L4xx_HAL_Driver/Src/stm32l4xx_hal_pwr_ex.o
 .debug_frame   0x0000000000002ab8      0x1f4 Drivers/STM32L4xx_HAL_Driver/Src/stm32l4xx_hal_rcc.o
 .debug_frame   0x0000000000002cac      0x2fc Drivers/STM32L4xx_HAL_Driver/Src/stm32l4xx_hal_rcc_ex.o
 .debug_frame   0x0000000000002fa8     0x1148 Drivers/STM32L4xx_HAL_Driver/Src/stm32l4xx_hal_tim.o
 .debug_frame   0x00000000000040f0      0x638 Drivers/STM32L4xx_HAL_Driver/Src/stm32l4xx_hal_tim_ex.o
 .debug_frame   0x0000000000004728      0x974 Drivers/STM32L4xx_HAL_Driver/Src/stm32l4xx_hal_uart.o
 .debug_frame   0x000000000000509c      0x170 Drivers/STM32L4xx_HAL_Driver/Src/stm32l4xx_hal_uart_ex.o
 .debug_frame   0x000000000000520c       0x2c c:/st/stm32cubeide_1.3.0/stm32cubeide/plugins/com.st.stm32cube.ide.mcu.externaltools.gnu-tools-for-stm32.7-2018-q2-update.win32_1.0.0.201904181610/tools/bin/../lib/gcc/arm-none-eabi/7.3.1/../../../../arm-none-eabi/lib/thumb/v7e-m/fpv4-sp/hard\libc_nano.a(lib_a-init.o)
 .debug_frame   0x0000000000005238       0x20 c:/st/stm32cubeide_1.3.0/stm32cubeide/plugins/com.st.stm32cube.ide.mcu.externaltools.gnu-tools-for-stm32.7-2018-q2-update.win32_1.0.0.201904181610/tools/bin/../lib/gcc/arm-none-eabi/7.3.1/../../../../arm-none-eabi/lib/thumb/v7e-m/fpv4-sp/hard\libc_nano.a(lib_a-memset.o)
 .debug_frame   0x0000000000005258       0x2c c:/st/stm32cubeide_1.3.0/stm32cubeide/plugins/com.st.stm32cube.ide.mcu.externaltools.gnu-tools-for-stm32.7-2018-q2-update.win32_1.0.0.201904181610/tools/bin/../lib/gcc/arm-none-eabi/7.3.1/thumb/v7e-m/fpv4-sp/hard\libgcc.a(_aeabi_uldivmod.o)
 .debug_frame   0x0000000000005284       0x34 c:/st/stm32cubeide_1.3.0/stm32cubeide/plugins/com.st.stm32cube.ide.mcu.externaltools.gnu-tools-for-stm32.7-2018-q2-update.win32_1.0.0.201904181610/tools/bin/../lib/gcc/arm-none-eabi/7.3.1/thumb/v7e-m/fpv4-sp/hard\libgcc.a(_udivmoddi4.o)
